Build started 12/12/2025 10:00:46 PM.
Logging verbosity is set to: Normal.     1>Project "C:\Users\Muhammad Aqib\Desktop\ISP\C-Project-ISP_Management\Semester_Project\Semester_Project\Semester_Project.csproj" on node 1 (Restore target(s)).
     1>_GetAllRestoreProjectPathItems:
         Determining projects to restore...
       Restore:
         X.509 certificate chain validation will use the default trust store selected by .NET for code signing.
         X.509 certificate chain validation will use the default trust store selected by .NET for timestamping.
         Assets file has not changed. Skipping assets file writing. Path: C:\Users\Muhammad Aqib\Desktop\ISP\C-Project-ISP_Management\Semester_Project\Semester_Project\obj\project.assets.json
         Restored C:\Users\Muhammad Aqib\Desktop\ISP\C-Project-ISP_Management\Semester_Project\Semester_Project\Semester_Project.csproj (in 103 ms).
         
         NuGet Config files used:
             C:\Users\Muhammad Aqib\AppData\Roaming\NuGet\NuGet.Config
         
         Feeds used:
             https://api.nuget.org/v3/index.json
         All projects are up-to-date for restore.
     1>Done Building Project "C:\Users\Muhammad Aqib\Desktop\ISP\C-Project-ISP_Management\Semester_Project\Semester_Project\Semester_Project.csproj" (Restore target(s)).
   1:7>Project "C:\Users\Muhammad Aqib\Desktop\ISP\C-Project-ISP_Management\Semester_Project\Semester_Project\Semester_Project.csproj" on node 1 (default targets).
     1>GenerateTargetFrameworkMonikerAttribute:
       Skipping target "GenerateTargetFrameworkMonikerAttribute" because all output files are up-to-date with respect to the input files.
       CoreGenerateAssemblyInfo:
       Skipping target "CoreGenerateAssemblyInfo" because all output files are up-to-date with respect to the input files.
       _DiscoverMvcApplicationParts:
       Skipping target "_DiscoverMvcApplicationParts" because all output files are up-to-date with respect to the input files.
       _CoreGenerateRazorAssemblyInfo:
       Skipping target "_CoreGenerateRazorAssemblyInfo" because all output files are up-to-date with respect to the input files.
       _GenerateSourceLinkFile:
         Source Link file 'obj\Debug\net9.0\Semester_Project.sourcelink.json' is up-to-date.
       CoreCompile:
       Skipping target "CoreCompile" because all output files are up-to-date with respect to the input files.
       _CreateAppHost:
       Skipping target "_CreateAppHost" because all output files are up-to-date with respect to the input files.
       _ProcessScopedCssFiles:
       Skipping target "_ProcessScopedCssFiles" because all output files are up-to-date with respect to the input files.
       ResolveBuildCompressedStaticWebAssetsConfiguration:
         Accepted compressed asset 'C:\Users\Muhammad Aqib\Desktop\ISP\C-Project-ISP_Management\Semester_Project\Semester_Project\obj\Debug\net9.0\compressed\ofa40bqe71-b9sayid5wm.gz' for 'C:\Users\Muhammad Aqib\.nuget\packages\microsoft.aspnetcore.identity.ui\9.0.5\staticwebassets\V5\css\site.css'.
         Accepted compressed asset 'C:\Users\Muhammad Aqib\Desktop\ISP\C-Project-ISP_Management\Semester_Project\Semester_Project\obj\Debug\net9.0\compressed\j9swiz3yzq-90yqlj465b.gz' for 'C:\Users\Muhammad Aqib\.nuget\packages\microsoft.aspnetcore.identity.ui\9.0.5\staticwebassets\V5\favicon.ico'.
         Accepted compressed asset 'C:\Users\Muhammad Aqib\Desktop\ISP\C-Project-ISP_Management\Semester_Project\Semester_Project\obj\Debug\net9.0\compressed\vltxs1u3vm-xtxxf3hu2r.gz' for 'C:\Users\Muhammad Aqib\.nuget\packages\microsoft.aspnetcore.identity.ui\9.0.5\staticwebassets\V5\js\site.js'.
         Accepted compressed asset 'C:\Users\Muhammad Aqib\Desktop\ISP\C-Project-ISP_Management\Semester_Project\Semester_Project\obj\Debug\net9.0\compressed\14ipv7q33s-bqjiyaj88i.gz' for 'C:\Users\Muhammad Aqib\.nuget\packages\microsoft.aspnetcore.identity.ui\9.0.5\staticwebassets\V5\lib\bootstrap\dist\css\bootstrap-grid.css'.
         Accepted compressed asset 'C:\Users\Muhammad Aqib\Desktop\ISP\C-Project-ISP_Management\Semester_Project\Semester_Project\obj\Debug\net9.0\compressed\rh65p086id-c2jlpeoesf.gz' for 'C:\Users\Muhammad Aqib\.nuget\packages\microsoft.aspnetcore.identity.ui\9.0.5\staticwebassets\V5\lib\bootstrap\dist\css\bootstrap-grid.css.map'.
         Accepted compressed asset 'C:\Users\Muhammad Aqib\Desktop\ISP\C-Project-ISP_Management\Semester_Project\Semester_Project\obj\Debug\net9.0\compressed\eb27mqwgz2-erw9l3u2r3.gz' for 'C:\Users\Muhammad Aqib\.nuget\packages\microsoft.aspnetcore.identity.ui\9.0.5\staticwebassets\V5\lib\bootstrap\dist\css\bootstrap-grid.min.css'.
         Accepted compressed asset 'C:\Users\Muhammad Aqib\Desktop\ISP\C-Project-ISP_Management\Semester_Project\Semester_Project\obj\Debug\net9.0\compressed\9glsckmvxo-aexeepp0ev.gz' for 'C:\Users\Muhammad Aqib\.nuget\packages\microsoft.aspnetcore.identity.ui\9.0.5\staticwebassets\V5\lib\bootstrap\dist\css\bootstrap-grid.min.css.map'.
         Accepted compressed asset 'C:\Users\Muhammad Aqib\Desktop\ISP\C-Project-ISP_Management\Semester_Project\Semester_Project\obj\Debug\net9.0\compressed\hh8ihyobdx-d7shbmvgxk.gz' for 'C:\Users\Muhammad Aqib\.nuget\packages\microsoft.aspnetcore.identity.ui\9.0.5\staticwebassets\V5\lib\bootstrap\dist\css\bootstrap-grid.rtl.css'.
         Accepted compressed asset 'C:\Users\Muhammad Aqib\Desktop\ISP\C-Project-ISP_Management\Semester_Project\Semester_Project\obj\Debug\net9.0\compressed\bww8ud00yd-ausgxo2sd3.gz' for 'C:\Users\Muhammad Aqib\.nuget\packages\microsoft.aspnetcore.identity.ui\9.0.5\staticwebassets\V5\lib\bootstrap\dist\css\bootstrap-grid.rtl.css.map'.
         Accepted compressed asset 'C:\Users\Muhammad Aqib\Desktop\ISP\C-Project-ISP_Management\Semester_Project\Semester_Project\obj\Debug\net9.0\compressed\edcrak57d7-k8d9w2qqmf.gz' for 'C:\Users\Muhammad Aqib\.nuget\packages\microsoft.aspnetcore.identity.ui\9.0.5\staticwebassets\V5\lib\bootstrap\dist\css\bootstrap-grid.rtl.min.css'.
         Accepted compressed asset 'C:\Users\Muhammad Aqib\Desktop\ISP\C-Project-ISP_Management\Semester_Project\Semester_Project\obj\Debug\net9.0\compressed\sf8kf2lula-cosvhxvwiu.gz' for 'C:\Users\Muhammad Aqib\.nuget\packages\microsoft.aspnetcore.identity.ui\9.0.5\staticwebassets\V5\lib\bootstrap\dist\css\bootstrap-grid.rtl.min.css.map'.
         Accepted compressed asset 'C:\Users\Muhammad Aqib\Desktop\ISP\C-Project-ISP_Management\Semester_Project\Semester_Project\obj\Debug\net9.0\compressed\3tzsqhslk9-ub07r2b239.gz' for 'C:\Users\Muhammad Aqib\.nuget\packages\microsoft.aspnetcore.identity.ui\9.0.5\staticwebassets\V5\lib\bootstrap\dist\css\bootstrap-reboot.css'.
         Accepted compressed asset 'C:\Users\Muhammad Aqib\Desktop\ISP\C-Project-ISP_Management\Semester_Project\Semester_Project\obj\Debug\net9.0\compressed\oxk5o6czdw-fvhpjtyr6v.gz' for 'C:\Users\Muhammad Aqib\.nuget\packages\microsoft.aspnetcore.identity.ui\9.0.5\staticwebassets\V5\lib\bootstrap\dist\css\bootstrap-reboot.css.map'.
         Accepted compressed asset 'C:\Users\Muhammad Aqib\Desktop\ISP\C-Project-ISP_Management\Semester_Project\Semester_Project\obj\Debug\net9.0\compressed\k8b25g0zwc-b7pk76d08c.gz' for 'C:\Users\Muhammad Aqib\.nuget\packages\microsoft.aspnetcore.identity.ui\9.0.5\staticwebassets\V5\lib\bootstrap\dist\css\bootstrap-reboot.min.css'.
         Accepted compressed asset 'C:\Users\Muhammad Aqib\Desktop\ISP\C-Project-ISP_Management\Semester_Project\Semester_Project\obj\Debug\net9.0\compressed\8axix7wldr-fsbi9cje9m.gz' for 'C:\Users\Muhammad Aqib\.nuget\packages\microsoft.aspnetcore.identity.ui\9.0.5\staticwebassets\V5\lib\bootstrap\dist\css\bootstrap-reboot.min.css.map'.
         Accepted compressed asset 'C:\Users\Muhammad Aqib\Desktop\ISP\C-Project-ISP_Management\Semester_Project\Semester_Project\obj\Debug\net9.0\compressed\d5z9sfpxbi-rzd6atqjts.gz' for 'C:\Users\Muhammad Aqib\.nuget\packages\microsoft.aspnetcore.identity.ui\9.0.5\staticwebassets\V5\lib\bootstrap\dist\css\bootstrap-reboot.rtl.css'.
         Accepted compressed asset 'C:\Users\Muhammad Aqib\Desktop\ISP\C-Project-ISP_Management\Semester_Project\Semester_Project\obj\Debug\net9.0\compressed\u8428c4e9i-ee0r1s7dh0.gz' for 'C:\Users\Muhammad Aqib\.nuget\packages\microsoft.aspnetcore.identity.ui\9.0.5\staticwebassets\V5\lib\bootstrap\dist\css\bootstrap-reboot.rtl.css.map'.
         Accepted compressed asset 'C:\Users\Muhammad Aqib\Desktop\ISP\C-Project-ISP_Management\Semester_Project\Semester_Project\obj\Debug\net9.0\compressed\tg53r17ghy-dxx9fxp4il.gz' for 'C:\Users\Muhammad Aqib\.nuget\packages\microsoft.aspnetcore.identity.ui\9.0.5\staticwebassets\V5\lib\bootstrap\dist\css\bootstrap-reboot.rtl.min.css'.
         Accepted compressed asset 'C:\Users\Muhammad Aqib\Desktop\ISP\C-Project-ISP_Management\Semester_Project\Semester_Project\obj\Debug\net9.0\compressed\nlrl0f3xs3-jd9uben2k1.gz' for 'C:\Users\Muhammad Aqib\.nuget\packages\microsoft.aspnetcore.identity.ui\9.0.5\staticwebassets\V5\lib\bootstrap\dist\css\bootstrap-reboot.rtl.min.css.map'.
         Accepted compressed asset 'C:\Users\Muhammad Aqib\Desktop\ISP\C-Project-ISP_Management\Semester_Project\Semester_Project\obj\Debug\net9.0\compressed\1fc4q00scq-khv3u5hwcm.gz' for 'C:\Users\Muhammad Aqib\.nuget\packages\microsoft.aspnetcore.identity.ui\9.0.5\staticwebassets\V5\lib\bootstrap\dist\css\bootstrap-utilities.css'.
         Accepted compressed asset 'C:\Users\Muhammad Aqib\Desktop\ISP\C-Project-ISP_Management\Semester_Project\Semester_Project\obj\Debug\net9.0\compressed\8xykfy6qmd-r4e9w2rdcm.gz' for 'C:\Users\Muhammad Aqib\.nuget\packages\microsoft.aspnetcore.identity.ui\9.0.5\staticwebassets\V5\lib\bootstrap\dist\css\bootstrap-utilities.css.map'.
         Accepted compressed asset 'C:\Users\Muhammad Aqib\Desktop\ISP\C-Project-ISP_Management\Semester_Project\Semester_Project\obj\Debug\net9.0\compressed\vsrbd71spn-lcd1t2u6c8.gz' for 'C:\Users\Muhammad Aqib\.nuget\packages\microsoft.aspnetcore.identity.ui\9.0.5\staticwebassets\V5\lib\bootstrap\dist\css\bootstrap-utilities.min.css'.
         Accepted compressed asset 'C:\Users\Muhammad Aqib\Desktop\ISP\C-Project-ISP_Management\Semester_Project\Semester_Project\obj\Debug\net9.0\compressed\cynp17w084-c2oey78nd0.gz' for 'C:\Users\Muhammad Aqib\.nuget\packages\microsoft.aspnetcore.identity.ui\9.0.5\staticwebassets\V5\lib\bootstrap\dist\css\bootstrap-utilities.min.css.map'.
         Accepted compressed asset 'C:\Users\Muhammad Aqib\Desktop\ISP\C-Project-ISP_Management\Semester_Project\Semester_Project\obj\Debug\net9.0\compressed\7o8oyvng68-tdbxkamptv.gz' for 'C:\Users\Muhammad Aqib\.nuget\packages\microsoft.aspnetcore.identity.ui\9.0.5\staticwebassets\V5\lib\bootstrap\dist\css\bootstrap-utilities.rtl.css'.
         Accepted compressed asset 'C:\Users\Muhammad Aqib\Desktop\ISP\C-Project-ISP_Management\Semester_Project\Semester_Project\obj\Debug\net9.0\compressed\h9vwtoirpy-j5mq2jizvt.gz' for 'C:\Users\Muhammad Aqib\.nuget\packages\microsoft.aspnetcore.identity.ui\9.0.5\staticwebassets\V5\lib\bootstrap\dist\css\bootstrap-utilities.rtl.css.map'.
         Accepted compressed asset 'C:\Users\Muhammad Aqib\Desktop\ISP\C-Project-ISP_Management\Semester_Project\Semester_Project\obj\Debug\net9.0\compressed\o5k23vqhrk-06098lyss8.gz' for 'C:\Users\Muhammad Aqib\.nuget\packages\microsoft.aspnetcore.identity.ui\9.0.5\staticwebassets\V5\lib\bootstrap\dist\css\bootstrap-utilities.rtl.min.css'.
         Accepted compressed asset 'C:\Users\Muhammad Aqib\Desktop\ISP\C-Project-ISP_Management\Semester_Project\Semester_Project\obj\Debug\net9.0\compressed\iznc766avz-nvvlpmu67g.gz' for 'C:\Users\Muhammad Aqib\.nuget\packages\microsoft.aspnetcore.identity.ui\9.0.5\staticwebassets\V5\lib\bootstrap\dist\css\bootstrap-utilities.rtl.min.css.map'.
         Accepted compressed asset 'C:\Users\Muhammad Aqib\Desktop\ISP\C-Project-ISP_Management\Semester_Project\Semester_Project\obj\Debug\net9.0\compressed\ns4583i71s-s35ty4nyc5.gz' for 'C:\Users\Muhammad Aqib\.nuget\packages\microsoft.aspnetcore.identity.ui\9.0.5\staticwebassets\V5\lib\bootstrap\dist\css\bootstrap.css'.
         Accepted compressed asset 'C:\Users\Muhammad Aqib\Desktop\ISP\C-Project-ISP_Management\Semester_Project\Semester_Project\obj\Debug\net9.0\compressed\47012z8l2l-pj5nd1wqec.gz' for 'C:\Users\Muhammad Aqib\.nuget\packages\microsoft.aspnetcore.identity.ui\9.0.5\staticwebassets\V5\lib\bootstrap\dist\css\bootstrap.css.map'.
         Accepted compressed asset 'C:\Users\Muhammad Aqib\Desktop\ISP\C-Project-ISP_Management\Semester_Project\Semester_Project\obj\Debug\net9.0\compressed\4vzefxwp2m-46ein0sx1k.gz' for 'C:\Users\Muhammad Aqib\.nuget\packages\microsoft.aspnetcore.identity.ui\9.0.5\staticwebassets\V5\lib\bootstrap\dist\css\bootstrap.min.css'.
         Accepted compressed asset 'C:\Users\Muhammad Aqib\Desktop\ISP\C-Project-ISP_Management\Semester_Project\Semester_Project\obj\Debug\net9.0\compressed\bh4v3mdph9-v0zj4ognzu.gz' for 'C:\Users\Muhammad Aqib\.nuget\packages\microsoft.aspnetcore.identity.ui\9.0.5\staticwebassets\V5\lib\bootstrap\dist\css\bootstrap.min.css.map'.
         Accepted compressed asset 'C:\Users\Muhammad Aqib\Desktop\ISP\C-Project-ISP_Management\Semester_Project\Semester_Project\obj\Debug\net9.0\compressed\l186vlgaag-37tfw0ft22.gz' for 'C:\Users\Muhammad Aqib\.nuget\packages\microsoft.aspnetcore.identity.ui\9.0.5\staticwebassets\V5\lib\bootstrap\dist\css\bootstrap.rtl.css'.
         Accepted compressed asset 'C:\Users\Muhammad Aqib\Desktop\ISP\C-Project-ISP_Management\Semester_Project\Semester_Project\obj\Debug\net9.0\compressed\rsc7qacj1u-hrwsygsryq.gz' for 'C:\Users\Muhammad Aqib\.nuget\packages\microsoft.aspnetcore.identity.ui\9.0.5\staticwebassets\V5\lib\bootstrap\dist\css\bootstrap.rtl.css.map'.
         Accepted compressed asset 'C:\Users\Muhammad Aqib\Desktop\ISP\C-Project-ISP_Management\Semester_Project\Semester_Project\obj\Debug\net9.0\compressed\z408qb6q7a-pk9g2wxc8p.gz' for 'C:\Users\Muhammad Aqib\.nuget\packages\microsoft.aspnetcore.identity.ui\9.0.5\staticwebassets\V5\lib\bootstrap\dist\css\bootstrap.rtl.min.css'.
         Accepted compressed asset 'C:\Users\Muhammad Aqib\Desktop\ISP\C-Project-ISP_Management\Semester_Project\Semester_Project\obj\Debug\net9.0\compressed\qfr28sqcy1-ft3s53vfgj.gz' for 'C:\Users\Muhammad Aqib\.nuget\packages\microsoft.aspnetcore.identity.ui\9.0.5\staticwebassets\V5\lib\bootstrap\dist\css\bootstrap.rtl.min.css.map'.
         Accepted compressed asset 'C:\Users\Muhammad Aqib\Desktop\ISP\C-Project-ISP_Management\Semester_Project\Semester_Project\obj\Debug\net9.0\compressed\0k1i85ntyh-6cfz1n2cew.gz' for 'C:\Users\Muhammad Aqib\.nuget\packages\microsoft.aspnetcore.identity.ui\9.0.5\staticwebassets\V5\lib\bootstrap\dist\js\bootstrap.bundle.js'.
         Accepted compressed asset 'C:\Users\Muhammad Aqib\Desktop\ISP\C-Project-ISP_Management\Semester_Project\Semester_Project\obj\Debug\net9.0\compressed\xa379ftczi-6pdc2jztkx.gz' for 'C:\Users\Muhammad Aqib\.nuget\packages\microsoft.aspnetcore.identity.ui\9.0.5\staticwebassets\V5\lib\bootstrap\dist\js\bootstrap.bundle.js.map'.
         Accepted compressed asset 'C:\Users\Muhammad Aqib\Desktop\ISP\C-Project-ISP_Management\Semester_Project\Semester_Project\obj\Debug\net9.0\compressed\lr5hmrr0j7-493y06b0oq.gz' for 'C:\Users\Muhammad Aqib\.nuget\packages\microsoft.aspnetcore.identity.ui\9.0.5\staticwebassets\V5\lib\bootstrap\dist\js\bootstrap.bundle.min.js'.
         Accepted compressed asset 'C:\Users\Muhammad Aqib\Desktop\ISP\C-Project-ISP_Management\Semester_Project\Semester_Project\obj\Debug\net9.0\compressed\ivy2s9gwh5-iovd86k7lj.gz' for 'C:\Users\Muhammad Aqib\.nuget\packages\microsoft.aspnetcore.identity.ui\9.0.5\staticwebassets\V5\lib\bootstrap\dist\js\bootstrap.bundle.min.js.map'.
         Accepted compressed asset 'C:\Users\Muhammad Aqib\Desktop\ISP\C-Project-ISP_Management\Semester_Project\Semester_Project\obj\Debug\net9.0\compressed\higufxz8op-vr1egmr9el.gz' for 'C:\Users\Muhammad Aqib\.nuget\packages\microsoft.aspnetcore.identity.ui\9.0.5\staticwebassets\V5\lib\bootstrap\dist\js\bootstrap.esm.js'.
         Accepted compressed asset 'C:\Users\Muhammad Aqib\Desktop\ISP\C-Project-ISP_Management\Semester_Project\Semester_Project\obj\Debug\net9.0\compressed\s3tglgz8hr-kbrnm935zg.gz' for 'C:\Users\Muhammad Aqib\.nuget\packages\microsoft.aspnetcore.identity.ui\9.0.5\staticwebassets\V5\lib\bootstrap\dist\js\bootstrap.esm.js.map'.
         Accepted compressed asset 'C:\Users\Muhammad Aqib\Desktop\ISP\C-Project-ISP_Management\Semester_Project\Semester_Project\obj\Debug\net9.0\compressed\vw9sls9bhj-jj8uyg4cgr.gz' for 'C:\Users\Muhammad Aqib\.nuget\packages\microsoft.aspnetcore.identity.ui\9.0.5\staticwebassets\V5\lib\bootstrap\dist\js\bootstrap.esm.min.js'.
         Accepted compressed asset 'C:\Users\Muhammad Aqib\Desktop\ISP\C-Project-ISP_Management\Semester_Project\Semester_Project\obj\Debug\net9.0\compressed\ym8tkpcl2i-y7v9cxd14o.gz' for 'C:\Users\Muhammad Aqib\.nuget\packages\microsoft.aspnetcore.identity.ui\9.0.5\staticwebassets\V5\lib\bootstrap\dist\js\bootstrap.esm.min.js.map'.
         Accepted compressed asset 'C:\Users\Muhammad Aqib\Desktop\ISP\C-Project-ISP_Management\Semester_Project\Semester_Project\obj\Debug\net9.0\compressed\zzna4nrm5w-notf2xhcfb.gz' for 'C:\Users\Muhammad Aqib\.nuget\packages\microsoft.aspnetcore.identity.ui\9.0.5\staticwebassets\V5\lib\bootstrap\dist\js\bootstrap.js'.
         Accepted compressed asset 'C:\Users\Muhammad Aqib\Desktop\ISP\C-Project-ISP_Management\Semester_Project\Semester_Project\obj\Debug\net9.0\compressed\igscs4x0yk-h1s4sie4z3.gz' for 'C:\Users\Muhammad Aqib\.nuget\packages\microsoft.aspnetcore.identity.ui\9.0.5\staticwebassets\V5\lib\bootstrap\dist\js\bootstrap.js.map'.
         Accepted compressed asset 'C:\Users\Muhammad Aqib\Desktop\ISP\C-Project-ISP_Management\Semester_Project\Semester_Project\obj\Debug\net9.0\compressed\zap00c0tb5-63fj8s7r0e.gz' for 'C:\Users\Muhammad Aqib\.nuget\packages\microsoft.aspnetcore.identity.ui\9.0.5\staticwebassets\V5\lib\bootstrap\dist\js\bootstrap.min.js'.
         Accepted compressed asset 'C:\Users\Muhammad Aqib\Desktop\ISP\C-Project-ISP_Management\Semester_Project\Semester_Project\obj\Debug\net9.0\compressed\pogzkicjpz-0j3bgjxly4.gz' for 'C:\Users\Muhammad Aqib\.nuget\packages\microsoft.aspnetcore.identity.ui\9.0.5\staticwebassets\V5\lib\bootstrap\dist\js\bootstrap.min.js.map'.
         Accepted compressed asset 'C:\Users\Muhammad Aqib\Desktop\ISP\C-Project-ISP_Management\Semester_Project\Semester_Project\obj\Debug\net9.0\compressed\j3hwsq15kh-47otxtyo56.gz' for 'C:\Users\Muhammad Aqib\.nuget\packages\microsoft.aspnetcore.identity.ui\9.0.5\staticwebassets\V5\lib\jquery-validation-unobtrusive\dist\jquery.validate.unobtrusive.js'.
         Accepted compressed asset 'C:\Users\Muhammad Aqib\Desktop\ISP\C-Project-ISP_Management\Semester_Project\Semester_Project\obj\Debug\net9.0\compressed\q3naettu8c-4v8eqarkd7.gz' for 'C:\Users\Muhammad Aqib\.nuget\packages\microsoft.aspnetcore.identity.ui\9.0.5\staticwebassets\V5\lib\jquery-validation-unobtrusive\dist\jquery.validate.unobtrusive.min.js'.
         Accepted compressed asset 'C:\Users\Muhammad Aqib\Desktop\ISP\C-Project-ISP_Management\Semester_Project\Semester_Project\obj\Debug\net9.0\compressed\ldxy2n3w6q-356vix0kms.gz' for 'C:\Users\Muhammad Aqib\.nuget\packages\microsoft.aspnetcore.identity.ui\9.0.5\staticwebassets\V5\lib\jquery-validation-unobtrusive\LICENSE.txt'.
         Accepted compressed asset 'C:\Users\Muhammad Aqib\Desktop\ISP\C-Project-ISP_Management\Semester_Project\Semester_Project\obj\Debug\net9.0\compressed\ypthv7q62w-83jwlth58m.gz' for 'C:\Users\Muhammad Aqib\.nuget\packages\microsoft.aspnetcore.identity.ui\9.0.5\staticwebassets\V5\lib\jquery-validation\dist\additional-methods.js'.
         Accepted compressed asset 'C:\Users\Muhammad Aqib\Desktop\ISP\C-Project-ISP_Management\Semester_Project\Semester_Project\obj\Debug\net9.0\compressed\t6e3b82hrf-mrlpezrjn3.gz' for 'C:\Users\Muhammad Aqib\.nuget\packages\microsoft.aspnetcore.identity.ui\9.0.5\staticwebassets\V5\lib\jquery-validation\dist\additional-methods.min.js'.
         Accepted compressed asset 'C:\Users\Muhammad Aqib\Desktop\ISP\C-Project-ISP_Management\Semester_Project\Semester_Project\obj\Debug\net9.0\compressed\uocis9wxbx-lzl9nlhx6b.gz' for 'C:\Users\Muhammad Aqib\.nuget\packages\microsoft.aspnetcore.identity.ui\9.0.5\staticwebassets\V5\lib\jquery-validation\dist\jquery.validate.js'.
         Accepted compressed asset 'C:\Users\Muhammad Aqib\Desktop\ISP\C-Project-ISP_Management\Semester_Project\Semester_Project\obj\Debug\net9.0\compressed\2tikzqlmtu-ag7o75518u.gz' for 'C:\Users\Muhammad Aqib\.nuget\packages\microsoft.aspnetcore.identity.ui\9.0.5\staticwebassets\V5\lib\jquery-validation\dist\jquery.validate.min.js'.
         Accepted compressed asset 'C:\Users\Muhammad Aqib\Desktop\ISP\C-Project-ISP_Management\Semester_Project\Semester_Project\obj\Debug\net9.0\compressed\9muusbdg0a-x0q3zqp4vz.gz' for 'C:\Users\Muhammad Aqib\.nuget\packages\microsoft.aspnetcore.identity.ui\9.0.5\staticwebassets\V5\lib\jquery-validation\LICENSE.md'.
         Accepted compressed asset 'C:\Users\Muhammad Aqib\Desktop\ISP\C-Project-ISP_Management\Semester_Project\Semester_Project\obj\Debug\net9.0\compressed\tpsq5dibur-0i3buxo5is.gz' for 'C:\Users\Muhammad Aqib\.nuget\packages\microsoft.aspnetcore.identity.ui\9.0.5\staticwebassets\V5\lib\jquery\dist\jquery.js'.
         Accepted compressed asset 'C:\Users\Muhammad Aqib\Desktop\ISP\C-Project-ISP_Management\Semester_Project\Semester_Project\obj\Debug\net9.0\compressed\t0qo7o574p-o1o13a6vjx.gz' for 'C:\Users\Muhammad Aqib\.nuget\packages\microsoft.aspnetcore.identity.ui\9.0.5\staticwebassets\V5\lib\jquery\dist\jquery.min.js'.
         Accepted compressed asset 'C:\Users\Muhammad Aqib\Desktop\ISP\C-Project-ISP_Management\Semester_Project\Semester_Project\obj\Debug\net9.0\compressed\b9lhb08218-ttgo8qnofa.gz' for 'C:\Users\Muhammad Aqib\.nuget\packages\microsoft.aspnetcore.identity.ui\9.0.5\staticwebassets\V5\lib\jquery\dist\jquery.min.map'.
         Accepted compressed asset 'C:\Users\Muhammad Aqib\Desktop\ISP\C-Project-ISP_Management\Semester_Project\Semester_Project\obj\Debug\net9.0\compressed\a3ygkwa5zy-2z0ns9nrw6.gz' for 'C:\Users\Muhammad Aqib\.nuget\packages\microsoft.aspnetcore.identity.ui\9.0.5\staticwebassets\V5\lib\jquery\dist\jquery.slim.js'.
         Accepted compressed asset 'C:\Users\Muhammad Aqib\Desktop\ISP\C-Project-ISP_Management\Semester_Project\Semester_Project\obj\Debug\net9.0\compressed\nezrqnk58p-muycvpuwrr.gz' for 'C:\Users\Muhammad Aqib\.nuget\packages\microsoft.aspnetcore.identity.ui\9.0.5\staticwebassets\V5\lib\jquery\dist\jquery.slim.min.js'.
         Accepted compressed asset 'C:\Users\Muhammad Aqib\Desktop\ISP\C-Project-ISP_Management\Semester_Project\Semester_Project\obj\Debug\net9.0\compressed\v0zgfp0y55-87fc7y1x7t.gz' for 'C:\Users\Muhammad Aqib\.nuget\packages\microsoft.aspnetcore.identity.ui\9.0.5\staticwebassets\V5\lib\jquery\dist\jquery.slim.min.map'.
         Accepted compressed asset 'C:\Users\Muhammad Aqib\Desktop\ISP\C-Project-ISP_Management\Semester_Project\Semester_Project\obj\Debug\net9.0\compressed\yfc7ypekbg-mlv21k5csn.gz' for 'C:\Users\Muhammad Aqib\.nuget\packages\microsoft.aspnetcore.identity.ui\9.0.5\staticwebassets\V5\lib\jquery\LICENSE.txt'.
         Accepted compressed asset 'C:\Users\Muhammad Aqib\Desktop\ISP\C-Project-ISP_Management\Semester_Project\Semester_Project\obj\Debug\net9.0\compressed\jg7jxwfpkm-vdk8dr76qs.gz' for 'C:\Users\Muhammad Aqib\Desktop\ISP\C-Project-ISP_Management\Semester_Project\Semester_Project\wwwroot\css\bootstrap.min.css'.
         Accepted compressed asset 'C:\Users\Muhammad Aqib\Desktop\ISP\C-Project-ISP_Management\Semester_Project\Semester_Project\obj\Debug\net9.0\compressed\5h66yku7zv-9q800f0h4d.gz' for 'C:\Users\Muhammad Aqib\Desktop\ISP\C-Project-ISP_Management\Semester_Project\Semester_Project\wwwroot\css\bootstrap.min.css.map'.
         Accepted compressed asset 'C:\Users\Muhammad Aqib\Desktop\ISP\C-Project-ISP_Management\Semester_Project\Semester_Project\obj\Debug\net9.0\compressed\442s5miymm-pqqa1diyto.gz' for 'C:\Users\Muhammad Aqib\Desktop\ISP\C-Project-ISP_Management\Semester_Project\Semester_Project\wwwroot\css\dashboard.css'.
         Accepted compressed asset 'C:\Users\Muhammad Aqib\Desktop\ISP\C-Project-ISP_Management\Semester_Project\Semester_Project\obj\Debug\net9.0\compressed\lvzv9u9w58-nbbtroks5b.gz' for 'C:\Users\Muhammad Aqib\Desktop\ISP\C-Project-ISP_Management\Semester_Project\Semester_Project\wwwroot\css\login.css'.
         Accepted compressed asset 'C:\Users\Muhammad Aqib\Desktop\ISP\C-Project-ISP_Management\Semester_Project\Semester_Project\obj\Debug\net9.0\compressed\0dmxy7qqem-b9sayid5wm.gz' for 'C:\Users\Muhammad Aqib\Desktop\ISP\C-Project-ISP_Management\Semester_Project\Semester_Project\wwwroot\css\site.css'.
         Accepted compressed asset 'C:\Users\Muhammad Aqib\Desktop\ISP\C-Project-ISP_Management\Semester_Project\Semester_Project\obj\Debug\net9.0\compressed\ietj8z8q0j-ac3ia4v4qx.gz' for 'C:\Users\Muhammad Aqib\Desktop\ISP\C-Project-ISP_Management\Semester_Project\Semester_Project\wwwroot\css\style.css'.
         Accepted compressed asset 'C:\Users\Muhammad Aqib\Desktop\ISP\C-Project-ISP_Management\Semester_Project\Semester_Project\obj\Debug\net9.0\compressed\z9qc8g4sa4-61n19gt1b8.gz' for 'C:\Users\Muhammad Aqib\Desktop\ISP\C-Project-ISP_Management\Semester_Project\Semester_Project\wwwroot\favicon.ico'.
         Accepted compressed asset 'C:\Users\Muhammad Aqib\Desktop\ISP\C-Project-ISP_Management\Semester_Project\Semester_Project\obj\Debug\net9.0\compressed\qk6e6zwloa-3d8u5wokij.gz' for 'C:\Users\Muhammad Aqib\Desktop\ISP\C-Project-ISP_Management\Semester_Project\Semester_Project\wwwroot\js\bootstrap.bundle.min.js'.
         Accepted compressed asset 'C:\Users\Muhammad Aqib\Desktop\ISP\C-Project-ISP_Management\Semester_Project\Semester_Project\obj\Debug\net9.0\compressed\7apfue8ah5-qzgcmezkg1.gz' for 'C:\Users\Muhammad Aqib\Desktop\ISP\C-Project-ISP_Management\Semester_Project\Semester_Project\wwwroot\js\bootstrap.bundle.min.js.map'.
         Accepted compressed asset 'C:\Users\Muhammad Aqib\Desktop\ISP\C-Project-ISP_Management\Semester_Project\Semester_Project\obj\Debug\net9.0\compressed\eiyb0aqrcf-xtxxf3hu2r.gz' for 'C:\Users\Muhammad Aqib\Desktop\ISP\C-Project-ISP_Management\Semester_Project\Semester_Project\wwwroot\js\site.js'.
         Accepted compressed asset 'C:\Users\Muhammad Aqib\Desktop\ISP\C-Project-ISP_Management\Semester_Project\Semester_Project\obj\Debug\net9.0\compressed\l43hicit4k-t1cqhe9u97.gz' for 'C:\Users\Muhammad Aqib\Desktop\ISP\C-Project-ISP_Management\Semester_Project\Semester_Project\wwwroot\lib\bootstrap\dist\css\bootstrap-grid.css'.
         Accepted compressed asset 'C:\Users\Muhammad Aqib\Desktop\ISP\C-Project-ISP_Management\Semester_Project\Semester_Project\obj\Debug\net9.0\compressed\xrymsb1clt-c2jlpeoesf.gz' for 'C:\Users\Muhammad Aqib\Desktop\ISP\C-Project-ISP_Management\Semester_Project\Semester_Project\wwwroot\lib\bootstrap\dist\css\bootstrap-grid.css.map'.
         Accepted compressed asset 'C:\Users\Muhammad Aqib\Desktop\ISP\C-Project-ISP_Management\Semester_Project\Semester_Project\obj\Debug\net9.0\compressed\05sg765xnj-sejl45xvog.gz' for 'C:\Users\Muhammad Aqib\Desktop\ISP\C-Project-ISP_Management\Semester_Project\Semester_Project\wwwroot\lib\bootstrap\dist\css\bootstrap-grid.min.css'.
         Accepted compressed asset 'C:\Users\Muhammad Aqib\Desktop\ISP\C-Project-ISP_Management\Semester_Project\Semester_Project\obj\Debug\net9.0\compressed\mbbqou2hyh-aexeepp0ev.gz' for 'C:\Users\Muhammad Aqib\Desktop\ISP\C-Project-ISP_Management\Semester_Project\Semester_Project\wwwroot\lib\bootstrap\dist\css\bootstrap-grid.min.css.map'.
         Accepted compressed asset 'C:\Users\Muhammad Aqib\Desktop\ISP\C-Project-ISP_Management\Semester_Project\Semester_Project\obj\Debug\net9.0\compressed\o745djmrhl-xvp3kq03qx.gz' for 'C:\Users\Muhammad Aqib\Desktop\ISP\C-Project-ISP_Management\Semester_Project\Semester_Project\wwwroot\lib\bootstrap\dist\css\bootstrap-grid.rtl.css'.
         Accepted compressed asset 'C:\Users\Muhammad Aqib\Desktop\ISP\C-Project-ISP_Management\Semester_Project\Semester_Project\obj\Debug\net9.0\compressed\86z6mch4g5-ausgxo2sd3.gz' for 'C:\Users\Muhammad Aqib\Desktop\ISP\C-Project-ISP_Management\Semester_Project\Semester_Project\wwwroot\lib\bootstrap\dist\css\bootstrap-grid.rtl.css.map'.
         Accepted compressed asset 'C:\Users\Muhammad Aqib\Desktop\ISP\C-Project-ISP_Management\Semester_Project\Semester_Project\obj\Debug\net9.0\compressed\aaw3yd0kk0-22vffe00uq.gz' for 'C:\Users\Muhammad Aqib\Desktop\ISP\C-Project-ISP_Management\Semester_Project\Semester_Project\wwwroot\lib\bootstrap\dist\css\bootstrap-grid.rtl.min.css'.
         Accepted compressed asset 'C:\Users\Muhammad Aqib\Desktop\ISP\C-Project-ISP_Management\Semester_Project\Semester_Project\obj\Debug\net9.0\compressed\t1tbxfvbzl-cosvhxvwiu.gz' for 'C:\Users\Muhammad Aqib\Desktop\ISP\C-Project-ISP_Management\Semester_Project\Semester_Project\wwwroot\lib\bootstrap\dist\css\bootstrap-grid.rtl.min.css.map'.
         Accepted compressed asset 'C:\Users\Muhammad Aqib\Desktop\ISP\C-Project-ISP_Management\Semester_Project\Semester_Project\obj\Debug\net9.0\compressed\2k1u1hhtlg-qesaa3a1fm.gz' for 'C:\Users\Muhammad Aqib\Desktop\ISP\C-Project-ISP_Management\Semester_Project\Semester_Project\wwwroot\lib\bootstrap\dist\css\bootstrap-reboot.css'.
         Accepted compressed asset 'C:\Users\Muhammad Aqib\Desktop\ISP\C-Project-ISP_Management\Semester_Project\Semester_Project\obj\Debug\net9.0\compressed\6c9ittytqs-fvhpjtyr6v.gz' for 'C:\Users\Muhammad Aqib\Desktop\ISP\C-Project-ISP_Management\Semester_Project\Semester_Project\wwwroot\lib\bootstrap\dist\css\bootstrap-reboot.css.map'.
         Accepted compressed asset 'C:\Users\Muhammad Aqib\Desktop\ISP\C-Project-ISP_Management\Semester_Project\Semester_Project\obj\Debug\net9.0\compressed\hyckg61fuo-tmc1g35s3z.gz' for 'C:\Users\Muhammad Aqib\Desktop\ISP\C-Project-ISP_Management\Semester_Project\Semester_Project\wwwroot\lib\bootstrap\dist\css\bootstrap-reboot.min.css'.
         Accepted compressed asset 'C:\Users\Muhammad Aqib\Desktop\ISP\C-Project-ISP_Management\Semester_Project\Semester_Project\obj\Debug\net9.0\compressed\7wh0vpbqjf-fsbi9cje9m.gz' for 'C:\Users\Muhammad Aqib\Desktop\ISP\C-Project-ISP_Management\Semester_Project\Semester_Project\wwwroot\lib\bootstrap\dist\css\bootstrap-reboot.min.css.map'.
         Accepted compressed asset 'C:\Users\Muhammad Aqib\Desktop\ISP\C-Project-ISP_Management\Semester_Project\Semester_Project\obj\Debug\net9.0\compressed\hyfhpwn3tl-rxsg74s51o.gz' for 'C:\Users\Muhammad Aqib\Desktop\ISP\C-Project-ISP_Management\Semester_Project\Semester_Project\wwwroot\lib\bootstrap\dist\css\bootstrap-reboot.rtl.css'.
         Accepted compressed asset 'C:\Users\Muhammad Aqib\Desktop\ISP\C-Project-ISP_Management\Semester_Project\Semester_Project\obj\Debug\net9.0\compressed\tsceiycgnr-ee0r1s7dh0.gz' for 'C:\Users\Muhammad Aqib\Desktop\ISP\C-Project-ISP_Management\Semester_Project\Semester_Project\wwwroot\lib\bootstrap\dist\css\bootstrap-reboot.rtl.css.map'.
         Accepted compressed asset 'C:\Users\Muhammad Aqib\Desktop\ISP\C-Project-ISP_Management\Semester_Project\Semester_Project\obj\Debug\net9.0\compressed\3c7bexf5qq-q9ht133ko3.gz' for 'C:\Users\Muhammad Aqib\Desktop\ISP\C-Project-ISP_Management\Semester_Project\Semester_Project\wwwroot\lib\bootstrap\dist\css\bootstrap-reboot.rtl.min.css'.
         Accepted compressed asset 'C:\Users\Muhammad Aqib\Desktop\ISP\C-Project-ISP_Management\Semester_Project\Semester_Project\obj\Debug\net9.0\compressed\mipis3uc4z-jd9uben2k1.gz' for 'C:\Users\Muhammad Aqib\Desktop\ISP\C-Project-ISP_Management\Semester_Project\Semester_Project\wwwroot\lib\bootstrap\dist\css\bootstrap-reboot.rtl.min.css.map'.
         Accepted compressed asset 'C:\Users\Muhammad Aqib\Desktop\ISP\C-Project-ISP_Management\Semester_Project\Semester_Project\obj\Debug\net9.0\compressed\2ckvxpiod5-gye83jo8yx.gz' for 'C:\Users\Muhammad Aqib\Desktop\ISP\C-Project-ISP_Management\Semester_Project\Semester_Project\wwwroot\lib\bootstrap\dist\css\bootstrap-utilities.css'.
         Accepted compressed asset 'C:\Users\Muhammad Aqib\Desktop\ISP\C-Project-ISP_Management\Semester_Project\Semester_Project\obj\Debug\net9.0\compressed\pv26jvwvaf-r4e9w2rdcm.gz' for 'C:\Users\Muhammad Aqib\Desktop\ISP\C-Project-ISP_Management\Semester_Project\Semester_Project\wwwroot\lib\bootstrap\dist\css\bootstrap-utilities.css.map'.
         Accepted compressed asset 'C:\Users\Muhammad Aqib\Desktop\ISP\C-Project-ISP_Management\Semester_Project\Semester_Project\obj\Debug\net9.0\compressed\hjja62habz-wl58j5mj3v.gz' for 'C:\Users\Muhammad Aqib\Desktop\ISP\C-Project-ISP_Management\Semester_Project\Semester_Project\wwwroot\lib\bootstrap\dist\css\bootstrap-utilities.min.css'.
         Accepted compressed asset 'C:\Users\Muhammad Aqib\Desktop\ISP\C-Project-ISP_Management\Semester_Project\Semester_Project\obj\Debug\net9.0\compressed\nbvzx0tfo2-c2oey78nd0.gz' for 'C:\Users\Muhammad Aqib\Desktop\ISP\C-Project-ISP_Management\Semester_Project\Semester_Project\wwwroot\lib\bootstrap\dist\css\bootstrap-utilities.min.css.map'.
         Accepted compressed asset 'C:\Users\Muhammad Aqib\Desktop\ISP\C-Project-ISP_Management\Semester_Project\Semester_Project\obj\Debug\net9.0\compressed\iwswswmsio-d4r6k3f320.gz' for 'C:\Users\Muhammad Aqib\Desktop\ISP\C-Project-ISP_Management\Semester_Project\Semester_Project\wwwroot\lib\bootstrap\dist\css\bootstrap-utilities.rtl.css'.
         Accepted compressed asset 'C:\Users\Muhammad Aqib\Desktop\ISP\C-Project-ISP_Management\Semester_Project\Semester_Project\obj\Debug\net9.0\compressed\6bzld2loa4-j5mq2jizvt.gz' for 'C:\Users\Muhammad Aqib\Desktop\ISP\C-Project-ISP_Management\Semester_Project\Semester_Project\wwwroot\lib\bootstrap\dist\css\bootstrap-utilities.rtl.css.map'.
         Accepted compressed asset 'C:\Users\Muhammad Aqib\Desktop\ISP\C-Project-ISP_Management\Semester_Project\Semester_Project\obj\Debug\net9.0\compressed\l6lxiby2xm-keugtjm085.gz' for 'C:\Users\Muhammad Aqib\Desktop\ISP\C-Project-ISP_Management\Semester_Project\Semester_Project\wwwroot\lib\bootstrap\dist\css\bootstrap-utilities.rtl.min.css'.
         Accepted compressed asset 'C:\Users\Muhammad Aqib\Desktop\ISP\C-Project-ISP_Management\Semester_Project\Semester_Project\obj\Debug\net9.0\compressed\jj0ibgapy9-nvvlpmu67g.gz' for 'C:\Users\Muhammad Aqib\Desktop\ISP\C-Project-ISP_Management\Semester_Project\Semester_Project\wwwroot\lib\bootstrap\dist\css\bootstrap-utilities.rtl.min.css.map'.
         Accepted compressed asset 'C:\Users\Muhammad Aqib\Desktop\ISP\C-Project-ISP_Management\Semester_Project\Semester_Project\obj\Debug\net9.0\compressed\c7ii376ezo-zub09dkrxp.gz' for 'C:\Users\Muhammad Aqib\Desktop\ISP\C-Project-ISP_Management\Semester_Project\Semester_Project\wwwroot\lib\bootstrap\dist\css\bootstrap.css'.
         Accepted compressed asset 'C:\Users\Muhammad Aqib\Desktop\ISP\C-Project-ISP_Management\Semester_Project\Semester_Project\obj\Debug\net9.0\compressed\4i977288vo-pj5nd1wqec.gz' for 'C:\Users\Muhammad Aqib\Desktop\ISP\C-Project-ISP_Management\Semester_Project\Semester_Project\wwwroot\lib\bootstrap\dist\css\bootstrap.css.map'.
         Accepted compressed asset 'C:\Users\Muhammad Aqib\Desktop\ISP\C-Project-ISP_Management\Semester_Project\Semester_Project\obj\Debug\net9.0\compressed\te3hhl7v79-43atpzeawx.gz' for 'C:\Users\Muhammad Aqib\Desktop\ISP\C-Project-ISP_Management\Semester_Project\Semester_Project\wwwroot\lib\bootstrap\dist\css\bootstrap.min.css'.
         Accepted compressed asset 'C:\Users\Muhammad Aqib\Desktop\ISP\C-Project-ISP_Management\Semester_Project\Semester_Project\obj\Debug\net9.0\compressed\p8iodvcaam-v0zj4ognzu.gz' for 'C:\Users\Muhammad Aqib\Desktop\ISP\C-Project-ISP_Management\Semester_Project\Semester_Project\wwwroot\lib\bootstrap\dist\css\bootstrap.min.css.map'.
         Accepted compressed asset 'C:\Users\Muhammad Aqib\Desktop\ISP\C-Project-ISP_Management\Semester_Project\Semester_Project\obj\Debug\net9.0\compressed\ndghwm8f47-ynyaa8k90p.gz' for 'C:\Users\Muhammad Aqib\Desktop\ISP\C-Project-ISP_Management\Semester_Project\Semester_Project\wwwroot\lib\bootstrap\dist\css\bootstrap.rtl.css'.
         Accepted compressed asset 'C:\Users\Muhammad Aqib\Desktop\ISP\C-Project-ISP_Management\Semester_Project\Semester_Project\obj\Debug\net9.0\compressed\9p9lgjdp4x-hrwsygsryq.gz' for 'C:\Users\Muhammad Aqib\Desktop\ISP\C-Project-ISP_Management\Semester_Project\Semester_Project\wwwroot\lib\bootstrap\dist\css\bootstrap.rtl.css.map'.
         Accepted compressed asset 'C:\Users\Muhammad Aqib\Desktop\ISP\C-Project-ISP_Management\Semester_Project\Semester_Project\obj\Debug\net9.0\compressed\uj5t3a2jvx-c63t5i9ira.gz' for 'C:\Users\Muhammad Aqib\Desktop\ISP\C-Project-ISP_Management\Semester_Project\Semester_Project\wwwroot\lib\bootstrap\dist\css\bootstrap.rtl.min.css'.
         Accepted compressed asset 'C:\Users\Muhammad Aqib\Desktop\ISP\C-Project-ISP_Management\Semester_Project\Semester_Project\obj\Debug\net9.0\compressed\5kyvmdqyfq-ft3s53vfgj.gz' for 'C:\Users\Muhammad Aqib\Desktop\ISP\C-Project-ISP_Management\Semester_Project\Semester_Project\wwwroot\lib\bootstrap\dist\css\bootstrap.rtl.min.css.map'.
         Accepted compressed asset 'C:\Users\Muhammad Aqib\Desktop\ISP\C-Project-ISP_Management\Semester_Project\Semester_Project\obj\Debug\net9.0\compressed\onrzx8gaej-4094rpi4f9.gz' for 'C:\Users\Muhammad Aqib\Desktop\ISP\C-Project-ISP_Management\Semester_Project\Semester_Project\wwwroot\lib\bootstrap\dist\js\bootstrap.bundle.js'.
         Accepted compressed asset 'C:\Users\Muhammad Aqib\Desktop\ISP\C-Project-ISP_Management\Semester_Project\Semester_Project\obj\Debug\net9.0\compressed\muag9wjazh-6pdc2jztkx.gz' for 'C:\Users\Muhammad Aqib\Desktop\ISP\C-Project-ISP_Management\Semester_Project\Semester_Project\wwwroot\lib\bootstrap\dist\js\bootstrap.bundle.js.map'.
         Accepted compressed asset 'C:\Users\Muhammad Aqib\Desktop\ISP\C-Project-ISP_Management\Semester_Project\Semester_Project\obj\Debug\net9.0\compressed\xu0aidnnos-hd3gran6i8.gz' for 'C:\Users\Muhammad Aqib\Desktop\ISP\C-Project-ISP_Management\Semester_Project\Semester_Project\wwwroot\lib\bootstrap\dist\js\bootstrap.bundle.min.js'.
         Accepted compressed asset 'C:\Users\Muhammad Aqib\Desktop\ISP\C-Project-ISP_Management\Semester_Project\Semester_Project\obj\Debug\net9.0\compressed\reksds31og-iovd86k7lj.gz' for 'C:\Users\Muhammad Aqib\Desktop\ISP\C-Project-ISP_Management\Semester_Project\Semester_Project\wwwroot\lib\bootstrap\dist\js\bootstrap.bundle.min.js.map'.
         Accepted compressed asset 'C:\Users\Muhammad Aqib\Desktop\ISP\C-Project-ISP_Management\Semester_Project\Semester_Project\obj\Debug\net9.0\compressed\31efcxrs04-ltid2c489k.gz' for 'C:\Users\Muhammad Aqib\Desktop\ISP\C-Project-ISP_Management\Semester_Project\Semester_Project\wwwroot\lib\bootstrap\dist\js\bootstrap.esm.js'.
         Accepted compressed asset 'C:\Users\Muhammad Aqib\Desktop\ISP\C-Project-ISP_Management\Semester_Project\Semester_Project\obj\Debug\net9.0\compressed\lstanjlqor-kbrnm935zg.gz' for 'C:\Users\Muhammad Aqib\Desktop\ISP\C-Project-ISP_Management\Semester_Project\Semester_Project\wwwroot\lib\bootstrap\dist\js\bootstrap.esm.js.map'.
         Accepted compressed asset 'C:\Users\Muhammad Aqib\Desktop\ISP\C-Project-ISP_Management\Semester_Project\Semester_Project\obj\Debug\net9.0\compressed\9y9nrw4465-8vyfqsqgz1.gz' for 'C:\Users\Muhammad Aqib\Desktop\ISP\C-Project-ISP_Management\Semester_Project\Semester_Project\wwwroot\lib\bootstrap\dist\js\bootstrap.esm.min.js'.
         Accepted compressed asset 'C:\Users\Muhammad Aqib\Desktop\ISP\C-Project-ISP_Management\Semester_Project\Semester_Project\obj\Debug\net9.0\compressed\tybiz28bhq-y7v9cxd14o.gz' for 'C:\Users\Muhammad Aqib\Desktop\ISP\C-Project-ISP_Management\Semester_Project\Semester_Project\wwwroot\lib\bootstrap\dist\js\bootstrap.esm.min.js.map'.
         Accepted compressed asset 'C:\Users\Muhammad Aqib\Desktop\ISP\C-Project-ISP_Management\Semester_Project\Semester_Project\obj\Debug\net9.0\compressed\jojqhetdvz-u9q1upor1n.gz' for 'C:\Users\Muhammad Aqib\Desktop\ISP\C-Project-ISP_Management\Semester_Project\Semester_Project\wwwroot\lib\bootstrap\dist\js\bootstrap.js'.
         Accepted compressed asset 'C:\Users\Muhammad Aqib\Desktop\ISP\C-Project-ISP_Management\Semester_Project\Semester_Project\obj\Debug\net9.0\compressed\dgxxj6amam-h1s4sie4z3.gz' for 'C:\Users\Muhammad Aqib\Desktop\ISP\C-Project-ISP_Management\Semester_Project\Semester_Project\wwwroot\lib\bootstrap\dist\js\bootstrap.js.map'.
         Accepted compressed asset 'C:\Users\Muhammad Aqib\Desktop\ISP\C-Project-ISP_Management\Semester_Project\Semester_Project\obj\Debug\net9.0\compressed\mjmp2gze50-4d85u1mtcx.gz' for 'C:\Users\Muhammad Aqib\Desktop\ISP\C-Project-ISP_Management\Semester_Project\Semester_Project\wwwroot\lib\bootstrap\dist\js\bootstrap.min.js'.
         Accepted compressed asset 'C:\Users\Muhammad Aqib\Desktop\ISP\C-Project-ISP_Management\Semester_Project\Semester_Project\obj\Debug\net9.0\compressed\qownmmavrl-0j3bgjxly4.gz' for 'C:\Users\Muhammad Aqib\Desktop\ISP\C-Project-ISP_Management\Semester_Project\Semester_Project\wwwroot\lib\bootstrap\dist\js\bootstrap.min.js.map'.
         Accepted compressed asset 'C:\Users\Muhammad Aqib\Desktop\ISP\C-Project-ISP_Management\Semester_Project\Semester_Project\obj\Debug\net9.0\compressed\c3k5ln4bs7-03hjc8e09r.gz' for 'C:\Users\Muhammad Aqib\Desktop\ISP\C-Project-ISP_Management\Semester_Project\Semester_Project\wwwroot\lib\jquery-validation-unobtrusive\dist\jquery.validate.unobtrusive.js'.
         Accepted compressed asset 'C:\Users\Muhammad Aqib\Desktop\ISP\C-Project-ISP_Management\Semester_Project\Semester_Project\obj\Debug\net9.0\compressed\pjabz5iyrb-48y08845bh.gz' for 'C:\Users\Muhammad Aqib\Desktop\ISP\C-Project-ISP_Management\Semester_Project\Semester_Project\wwwroot\lib\jquery-validation-unobtrusive\dist\jquery.validate.unobtrusive.min.js'.
         Accepted compressed asset 'C:\Users\Muhammad Aqib\Desktop\ISP\C-Project-ISP_Management\Semester_Project\Semester_Project\obj\Debug\net9.0\compressed\202pa40dy7-356vix0kms.gz' for 'C:\Users\Muhammad Aqib\Desktop\ISP\C-Project-ISP_Management\Semester_Project\Semester_Project\wwwroot\lib\jquery-validation-unobtrusive\LICENSE.txt'.
         Accepted compressed asset 'C:\Users\Muhammad Aqib\Desktop\ISP\C-Project-ISP_Management\Semester_Project\Semester_Project\obj\Debug\net9.0\compressed\o7er64c924-83jwlth58m.gz' for 'C:\Users\Muhammad Aqib\Desktop\ISP\C-Project-ISP_Management\Semester_Project\Semester_Project\wwwroot\lib\jquery-validation\dist\additional-methods.js'.
         Accepted compressed asset 'C:\Users\Muhammad Aqib\Desktop\ISP\C-Project-ISP_Management\Semester_Project\Semester_Project\obj\Debug\net9.0\compressed\5itg29zhbu-mrlpezrjn3.gz' for 'C:\Users\Muhammad Aqib\Desktop\ISP\C-Project-ISP_Management\Semester_Project\Semester_Project\wwwroot\lib\jquery-validation\dist\additional-methods.min.js'.
         Accepted compressed asset 'C:\Users\Muhammad Aqib\Desktop\ISP\C-Project-ISP_Management\Semester_Project\Semester_Project\obj\Debug\net9.0\compressed\9k21kpl908-worgj0nhwm.gz' for 'C:\Users\Muhammad Aqib\Desktop\ISP\C-Project-ISP_Management\Semester_Project\Semester_Project\wwwroot\lib\jquery-validation\dist\jquery.validate.js'.
         Accepted compressed asset 'C:\Users\Muhammad Aqib\Desktop\ISP\C-Project-ISP_Management\Semester_Project\Semester_Project\obj\Debug\net9.0\compressed\d2smzkr4d9-gk0pw8i4co.gz' for 'C:\Users\Muhammad Aqib\Desktop\ISP\C-Project-ISP_Management\Semester_Project\Semester_Project\wwwroot\lib\jquery-validation\dist\jquery.validate.min.js'.
         Accepted compressed asset 'C:\Users\Muhammad Aqib\Desktop\ISP\C-Project-ISP_Management\Semester_Project\Semester_Project\obj\Debug\net9.0\compressed\7qqf2rvuw4-x0q3zqp4vz.gz' for 'C:\Users\Muhammad Aqib\Desktop\ISP\C-Project-ISP_Management\Semester_Project\Semester_Project\wwwroot\lib\jquery-validation\LICENSE.md'.
         Accepted compressed asset 'C:\Users\Muhammad Aqib\Desktop\ISP\C-Project-ISP_Management\Semester_Project\Semester_Project\obj\Debug\net9.0\compressed\d21d7o9w4m-d6nrnj6jjx.gz' for 'C:\Users\Muhammad Aqib\Desktop\ISP\C-Project-ISP_Management\Semester_Project\Semester_Project\wwwroot\lib\jquery\dist\jquery.js'.
         Accepted compressed asset 'C:\Users\Muhammad Aqib\Desktop\ISP\C-Project-ISP_Management\Semester_Project\Semester_Project\obj\Debug\net9.0\compressed\etjbrmxhw8-m9qm4tazc0.gz' for 'C:\Users\Muhammad Aqib\Desktop\ISP\C-Project-ISP_Management\Semester_Project\Semester_Project\wwwroot\lib\jquery\dist\jquery.min.js'.
         Accepted compressed asset 'C:\Users\Muhammad Aqib\Desktop\ISP\C-Project-ISP_Management\Semester_Project\Semester_Project\obj\Debug\net9.0\compressed\tjdn38m6le-ttgo8qnofa.gz' for 'C:\Users\Muhammad Aqib\Desktop\ISP\C-Project-ISP_Management\Semester_Project\Semester_Project\wwwroot\lib\jquery\dist\jquery.min.map'.
         Accepted compressed asset 'C:\Users\Muhammad Aqib\Desktop\ISP\C-Project-ISP_Management\Semester_Project\Semester_Project\obj\Debug\net9.0\compressed\tqxy1y10uw-jjsuc0puko.gz' for 'C:\Users\Muhammad Aqib\Desktop\ISP\C-Project-ISP_Management\Semester_Project\Semester_Project\wwwroot\lib\jquery\dist\jquery.slim.js'.
         Accepted compressed asset 'C:\Users\Muhammad Aqib\Desktop\ISP\C-Project-ISP_Management\Semester_Project\Semester_Project\obj\Debug\net9.0\compressed\k3e59gnrx8-9vr69e8ynj.gz' for 'C:\Users\Muhammad Aqib\Desktop\ISP\C-Project-ISP_Management\Semester_Project\Semester_Project\wwwroot\lib\jquery\dist\jquery.slim.min.js'.
         Accepted compressed asset 'C:\Users\Muhammad Aqib\Desktop\ISP\C-Project-ISP_Management\Semester_Project\Semester_Project\obj\Debug\net9.0\compressed\haaxsjb6hy-87fc7y1x7t.gz' for 'C:\Users\Muhammad Aqib\Desktop\ISP\C-Project-ISP_Management\Semester_Project\Semester_Project\wwwroot\lib\jquery\dist\jquery.slim.min.map'.
         Accepted compressed asset 'C:\Users\Muhammad Aqib\Desktop\ISP\C-Project-ISP_Management\Semester_Project\Semester_Project\obj\Debug\net9.0\compressed\ks2t96ylbd-mlv21k5csn.gz' for 'C:\Users\Muhammad Aqib\Desktop\ISP\C-Project-ISP_Management\Semester_Project\Semester_Project\wwwroot\lib\jquery\LICENSE.txt'.
         Accepted compressed asset 'C:\Users\Muhammad Aqib\Desktop\ISP\C-Project-ISP_Management\Semester_Project\Semester_Project\obj\Debug\net9.0\compressed\1l91n0m2so-jsjz957n4p.gz' for 'C:\Users\Muhammad Aqib\Desktop\ISP\C-Project-ISP_Management\Semester_Project\Semester_Project\wwwroot\css\premium-animations.css'.
         Accepted compressed asset 'C:\Users\Muhammad Aqib\Desktop\ISP\C-Project-ISP_Management\Semester_Project\Semester_Project\obj\Debug\net9.0\compressed\97dduv43y4-71grg3xvo2.gz' for 'C:\Users\Muhammad Aqib\Desktop\ISP\C-Project-ISP_Management\Semester_Project\Semester_Project\obj\Debug\net9.0\scopedcss\bundle\Semester_Project.styles.css'.
         Accepted compressed asset 'C:\Users\Muhammad Aqib\Desktop\ISP\C-Project-ISP_Management\Semester_Project\Semester_Project\obj\Debug\net9.0\compressed\3ghnz0dqil-71grg3xvo2.gz' for 'C:\Users\Muhammad Aqib\Desktop\ISP\C-Project-ISP_Management\Semester_Project\Semester_Project\obj\Debug\net9.0\scopedcss\projectbundle\Semester_Project.bundle.scp.css'.
         Resolved 134 compressed assets for 134 candidate assets.
       ResolveBuildCompressedStaticWebAssets:
         Processing compressed asset: C:\Users\Muhammad Aqib\Desktop\ISP\C-Project-ISP_Management\Semester_Project\Semester_Project\obj\Debug\net9.0\compressed\qk6e6zwloa-3d8u5wokij.gz
         Processing compressed asset: C:\Users\Muhammad Aqib\Desktop\ISP\C-Project-ISP_Management\Semester_Project\Semester_Project\obj\Debug\net9.0\compressed\7apfue8ah5-qzgcmezkg1.gz
         Processing compressed asset: C:\Users\Muhammad Aqib\Desktop\ISP\C-Project-ISP_Management\Semester_Project\Semester_Project\obj\Debug\net9.0\compressed\eiyb0aqrcf-xtxxf3hu2r.gz
         Processing compressed asset: C:\Users\Muhammad Aqib\Desktop\ISP\C-Project-ISP_Management\Semester_Project\Semester_Project\obj\Debug\net9.0\compressed\l43hicit4k-t1cqhe9u97.gz
         Processing compressed asset: C:\Users\Muhammad Aqib\Desktop\ISP\C-Project-ISP_Management\Semester_Project\Semester_Project\obj\Debug\net9.0\compressed\xrymsb1clt-c2jlpeoesf.gz
         Processing compressed asset: C:\Users\Muhammad Aqib\Desktop\ISP\C-Project-ISP_Management\Semester_Project\Semester_Project\obj\Debug\net9.0\compressed\05sg765xnj-sejl45xvog.gz
         Processing compressed asset: C:\Users\Muhammad Aqib\Desktop\ISP\C-Project-ISP_Management\Semester_Project\Semester_Project\obj\Debug\net9.0\compressed\mbbqou2hyh-aexeepp0ev.gz
         Processing compressed asset: C:\Users\Muhammad Aqib\Desktop\ISP\C-Project-ISP_Management\Semester_Project\Semester_Project\obj\Debug\net9.0\compressed\o745djmrhl-xvp3kq03qx.gz
         Processing compressed asset: C:\Users\Muhammad Aqib\Desktop\ISP\C-Project-ISP_Management\Semester_Project\Semester_Project\obj\Debug\net9.0\compressed\86z6mch4g5-ausgxo2sd3.gz
         Processing compressed asset: C:\Users\Muhammad Aqib\Desktop\ISP\C-Project-ISP_Management\Semester_Project\Semester_Project\obj\Debug\net9.0\compressed\aaw3yd0kk0-22vffe00uq.gz
         Processing compressed asset: C:\Users\Muhammad Aqib\Desktop\ISP\C-Project-ISP_Management\Semester_Project\Semester_Project\obj\Debug\net9.0\compressed\t1tbxfvbzl-cosvhxvwiu.gz
         Processing compressed asset: C:\Users\Muhammad Aqib\Desktop\ISP\C-Project-ISP_Management\Semester_Project\Semester_Project\obj\Debug\net9.0\compressed\2k1u1hhtlg-qesaa3a1fm.gz
         Processing compressed asset: C:\Users\Muhammad Aqib\Desktop\ISP\C-Project-ISP_Management\Semester_Project\Semester_Project\obj\Debug\net9.0\compressed\6c9ittytqs-fvhpjtyr6v.gz
         Processing compressed asset: C:\Users\Muhammad Aqib\Desktop\ISP\C-Project-ISP_Management\Semester_Project\Semester_Project\obj\Debug\net9.0\compressed\hyckg61fuo-tmc1g35s3z.gz
         Processing compressed asset: C:\Users\Muhammad Aqib\Desktop\ISP\C-Project-ISP_Management\Semester_Project\Semester_Project\obj\Debug\net9.0\compressed\7wh0vpbqjf-fsbi9cje9m.gz
         Processing compressed asset: C:\Users\Muhammad Aqib\Desktop\ISP\C-Project-ISP_Management\Semester_Project\Semester_Project\obj\Debug\net9.0\compressed\hyfhpwn3tl-rxsg74s51o.gz
         Processing compressed asset: C:\Users\Muhammad Aqib\Desktop\ISP\C-Project-ISP_Management\Semester_Project\Semester_Project\obj\Debug\net9.0\compressed\tsceiycgnr-ee0r1s7dh0.gz
         Processing compressed asset: C:\Users\Muhammad Aqib\Desktop\ISP\C-Project-ISP_Management\Semester_Project\Semester_Project\obj\Debug\net9.0\compressed\3c7bexf5qq-q9ht133ko3.gz
         Processing compressed asset: C:\Users\Muhammad Aqib\Desktop\ISP\C-Project-ISP_Management\Semester_Project\Semester_Project\obj\Debug\net9.0\compressed\mipis3uc4z-jd9uben2k1.gz
         Processing compressed asset: C:\Users\Muhammad Aqib\Desktop\ISP\C-Project-ISP_Management\Semester_Project\Semester_Project\obj\Debug\net9.0\compressed\2ckvxpiod5-gye83jo8yx.gz
         Processing compressed asset: C:\Users\Muhammad Aqib\Desktop\ISP\C-Project-ISP_Management\Semester_Project\Semester_Project\obj\Debug\net9.0\compressed\pv26jvwvaf-r4e9w2rdcm.gz
         Processing compressed asset: C:\Users\Muhammad Aqib\Desktop\ISP\C-Project-ISP_Management\Semester_Project\Semester_Project\obj\Debug\net9.0\compressed\hjja62habz-wl58j5mj3v.gz
         Processing compressed asset: C:\Users\Muhammad Aqib\Desktop\ISP\C-Project-ISP_Management\Semester_Project\Semester_Project\obj\Debug\net9.0\compressed\nbvzx0tfo2-c2oey78nd0.gz
         Processing compressed asset: C:\Users\Muhammad Aqib\Desktop\ISP\C-Project-ISP_Management\Semester_Project\Semester_Project\obj\Debug\net9.0\compressed\iwswswmsio-d4r6k3f320.gz
         Processing compressed asset: C:\Users\Muhammad Aqib\Desktop\ISP\C-Project-ISP_Management\Semester_Project\Semester_Project\obj\Debug\net9.0\compressed\6bzld2loa4-j5mq2jizvt.gz
         Processing compressed asset: C:\Users\Muhammad Aqib\Desktop\ISP\C-Project-ISP_Management\Semester_Project\Semester_Project\obj\Debug\net9.0\compressed\l6lxiby2xm-keugtjm085.gz
         Processing compressed asset: C:\Users\Muhammad Aqib\Desktop\ISP\C-Project-ISP_Management\Semester_Project\Semester_Project\obj\Debug\net9.0\compressed\jj0ibgapy9-nvvlpmu67g.gz
         Processing compressed asset: C:\Users\Muhammad Aqib\Desktop\ISP\C-Project-ISP_Management\Semester_Project\Semester_Project\obj\Debug\net9.0\compressed\c7ii376ezo-zub09dkrxp.gz
         Processing compressed asset: C:\Users\Muhammad Aqib\Desktop\ISP\C-Project-ISP_Management\Semester_Project\Semester_Project\obj\Debug\net9.0\compressed\4i977288vo-pj5nd1wqec.gz
         Processing compressed asset: C:\Users\Muhammad Aqib\Desktop\ISP\C-Project-ISP_Management\Semester_Project\Semester_Project\obj\Debug\net9.0\compressed\te3hhl7v79-43atpzeawx.gz
         Processing compressed asset: C:\Users\Muhammad Aqib\Desktop\ISP\C-Project-ISP_Management\Semester_Project\Semester_Project\obj\Debug\net9.0\compressed\p8iodvcaam-v0zj4ognzu.gz
         Processing compressed asset: C:\Users\Muhammad Aqib\Desktop\ISP\C-Project-ISP_Management\Semester_Project\Semester_Project\obj\Debug\net9.0\compressed\ndghwm8f47-ynyaa8k90p.gz
         Processing compressed asset: C:\Users\Muhammad Aqib\Desktop\ISP\C-Project-ISP_Management\Semester_Project\Semester_Project\obj\Debug\net9.0\compressed\9p9lgjdp4x-hrwsygsryq.gz
         Processing compressed asset: C:\Users\Muhammad Aqib\Desktop\ISP\C-Project-ISP_Management\Semester_Project\Semester_Project\obj\Debug\net9.0\compressed\uj5t3a2jvx-c63t5i9ira.gz
         Processing compressed asset: C:\Users\Muhammad Aqib\Desktop\ISP\C-Project-ISP_Management\Semester_Project\Semester_Project\obj\Debug\net9.0\compressed\5kyvmdqyfq-ft3s53vfgj.gz
         Processing compressed asset: C:\Users\Muhammad Aqib\Desktop\ISP\C-Project-ISP_Management\Semester_Project\Semester_Project\obj\Debug\net9.0\compressed\onrzx8gaej-4094rpi4f9.gz
         Processing compressed asset: C:\Users\Muhammad Aqib\Desktop\ISP\C-Project-ISP_Management\Semester_Project\Semester_Project\obj\Debug\net9.0\compressed\muag9wjazh-6pdc2jztkx.gz
         Processing compressed asset: C:\Users\Muhammad Aqib\Desktop\ISP\C-Project-ISP_Management\Semester_Project\Semester_Project\obj\Debug\net9.0\compressed\xu0aidnnos-hd3gran6i8.gz
         Processing compressed asset: C:\Users\Muhammad Aqib\Desktop\ISP\C-Project-ISP_Management\Semester_Project\Semester_Project\obj\Debug\net9.0\compressed\reksds31og-iovd86k7lj.gz
         Processing compressed asset: C:\Users\Muhammad Aqib\Desktop\ISP\C-Project-ISP_Management\Semester_Project\Semester_Project\obj\Debug\net9.0\compressed\31efcxrs04-ltid2c489k.gz
         Processing compressed asset: C:\Users\Muhammad Aqib\Desktop\ISP\C-Project-ISP_Management\Semester_Project\Semester_Project\obj\Debug\net9.0\compressed\lstanjlqor-kbrnm935zg.gz
         Processing compressed asset: C:\Users\Muhammad Aqib\Desktop\ISP\C-Project-ISP_Management\Semester_Project\Semester_Project\obj\Debug\net9.0\compressed\9y9nrw4465-8vyfqsqgz1.gz
         Processing compressed asset: C:\Users\Muhammad Aqib\Desktop\ISP\C-Project-ISP_Management\Semester_Project\Semester_Project\obj\Debug\net9.0\compressed\tybiz28bhq-y7v9cxd14o.gz
         Processing compressed asset: C:\Users\Muhammad Aqib\Desktop\ISP\C-Project-ISP_Management\Semester_Project\Semester_Project\obj\Debug\net9.0\compressed\jojqhetdvz-u9q1upor1n.gz
         Processing compressed asset: C:\Users\Muhammad Aqib\Desktop\ISP\C-Project-ISP_Management\Semester_Project\Semester_Project\obj\Debug\net9.0\compressed\dgxxj6amam-h1s4sie4z3.gz
         Processing compressed asset: C:\Users\Muhammad Aqib\Desktop\ISP\C-Project-ISP_Management\Semester_Project\Semester_Project\obj\Debug\net9.0\compressed\mjmp2gze50-4d85u1mtcx.gz
         Processing compressed asset: C:\Users\Muhammad Aqib\Desktop\ISP\C-Project-ISP_Management\Semester_Project\Semester_Project\obj\Debug\net9.0\compressed\qownmmavrl-0j3bgjxly4.gz
         Processing compressed asset: C:\Users\Muhammad Aqib\Desktop\ISP\C-Project-ISP_Management\Semester_Project\Semester_Project\obj\Debug\net9.0\compressed\c3k5ln4bs7-03hjc8e09r.gz
         Processing compressed asset: C:\Users\Muhammad Aqib\Desktop\ISP\C-Project-ISP_Management\Semester_Project\Semester_Project\obj\Debug\net9.0\compressed\pjabz5iyrb-48y08845bh.gz
         Processing compressed asset: C:\Users\Muhammad Aqib\Desktop\ISP\C-Project-ISP_Management\Semester_Project\Semester_Project\obj\Debug\net9.0\compressed\202pa40dy7-356vix0kms.gz
         Processing compressed asset: C:\Users\Muhammad Aqib\Desktop\ISP\C-Project-ISP_Management\Semester_Project\Semester_Project\obj\Debug\net9.0\compressed\o7er64c924-83jwlth58m.gz
         Processing compressed asset: C:\Users\Muhammad Aqib\Desktop\ISP\C-Project-ISP_Management\Semester_Project\Semester_Project\obj\Debug\net9.0\compressed\5itg29zhbu-mrlpezrjn3.gz
         Processing compressed asset: C:\Users\Muhammad Aqib\Desktop\ISP\C-Project-ISP_Management\Semester_Project\Semester_Project\obj\Debug\net9.0\compressed\9k21kpl908-worgj0nhwm.gz
         Processing compressed asset: C:\Users\Muhammad Aqib\Desktop\ISP\C-Project-ISP_Management\Semester_Project\Semester_Project\obj\Debug\net9.0\compressed\d2smzkr4d9-gk0pw8i4co.gz
         Processing compressed asset: C:\Users\Muhammad Aqib\Desktop\ISP\C-Project-ISP_Management\Semester_Project\Semester_Project\obj\Debug\net9.0\compressed\7qqf2rvuw4-x0q3zqp4vz.gz
         Processing compressed asset: C:\Users\Muhammad Aqib\Desktop\ISP\C-Project-ISP_Management\Semester_Project\Semester_Project\obj\Debug\net9.0\compressed\d21d7o9w4m-d6nrnj6jjx.gz
         Processing compressed asset: C:\Users\Muhammad Aqib\Desktop\ISP\C-Project-ISP_Management\Semester_Project\Semester_Project\obj\Debug\net9.0\compressed\etjbrmxhw8-m9qm4tazc0.gz
         Processing compressed asset: C:\Users\Muhammad Aqib\Desktop\ISP\C-Project-ISP_Management\Semester_Project\Semester_Project\obj\Debug\net9.0\compressed\tjdn38m6le-ttgo8qnofa.gz
         Processing compressed asset: C:\Users\Muhammad Aqib\Desktop\ISP\C-Project-ISP_Management\Semester_Project\Semester_Project\obj\Debug\net9.0\compressed\tqxy1y10uw-jjsuc0puko.gz
         Processing compressed asset: C:\Users\Muhammad Aqib\Desktop\ISP\C-Project-ISP_Management\Semester_Project\Semester_Project\obj\Debug\net9.0\compressed\k3e59gnrx8-9vr69e8ynj.gz
         Processing compressed asset: C:\Users\Muhammad Aqib\Desktop\ISP\C-Project-ISP_Management\Semester_Project\Semester_Project\obj\Debug\net9.0\compressed\haaxsjb6hy-87fc7y1x7t.gz
         Processing compressed asset: C:\Users\Muhammad Aqib\Desktop\ISP\C-Project-ISP_Management\Semester_Project\Semester_Project\obj\Debug\net9.0\compressed\ks2t96ylbd-mlv21k5csn.gz
         Processing compressed asset: C:\Users\Muhammad Aqib\Desktop\ISP\C-Project-ISP_Management\Semester_Project\Semester_Project\obj\Debug\net9.0\compressed\97dduv43y4-71grg3xvo2.gz
         Processing compressed asset: C:\Users\Muhammad Aqib\Desktop\ISP\C-Project-ISP_Management\Semester_Project\Semester_Project\obj\Debug\net9.0\compressed\3ghnz0dqil-71grg3xvo2.gz
         Processing compressed asset: C:\Users\Muhammad Aqib\Desktop\ISP\C-Project-ISP_Management\Semester_Project\Semester_Project\obj\Debug\net9.0\compressed\vltxs1u3vm-xtxxf3hu2r.gz
         Processing compressed asset: C:\Users\Muhammad Aqib\Desktop\ISP\C-Project-ISP_Management\Semester_Project\Semester_Project\obj\Debug\net9.0\compressed\ietj8z8q0j-ac3ia4v4qx.gz
         Processing compressed asset: C:\Users\Muhammad Aqib\Desktop\ISP\C-Project-ISP_Management\Semester_Project\Semester_Project\obj\Debug\net9.0\compressed\14ipv7q33s-bqjiyaj88i.gz
         Processing compressed asset: C:\Users\Muhammad Aqib\Desktop\ISP\C-Project-ISP_Management\Semester_Project\Semester_Project\obj\Debug\net9.0\compressed\0dmxy7qqem-b9sayid5wm.gz
         Processing compressed asset: C:\Users\Muhammad Aqib\Desktop\ISP\C-Project-ISP_Management\Semester_Project\Semester_Project\obj\Debug\net9.0\compressed\lvzv9u9w58-nbbtroks5b.gz
         Processing compressed asset: C:\Users\Muhammad Aqib\Desktop\ISP\C-Project-ISP_Management\Semester_Project\Semester_Project\obj\Debug\net9.0\compressed\442s5miymm-pqqa1diyto.gz
         Processing compressed asset: C:\Users\Muhammad Aqib\Desktop\ISP\C-Project-ISP_Management\Semester_Project\Semester_Project\obj\Debug\net9.0\compressed\5h66yku7zv-9q800f0h4d.gz
         Processing compressed asset: C:\Users\Muhammad Aqib\Desktop\ISP\C-Project-ISP_Management\Semester_Project\Semester_Project\obj\Debug\net9.0\compressed\jg7jxwfpkm-vdk8dr76qs.gz
         Processing compressed asset: C:\Users\Muhammad Aqib\Desktop\ISP\C-Project-ISP_Management\Semester_Project\Semester_Project\obj\Debug\net9.0\compressed\yfc7ypekbg-mlv21k5csn.gz
         Processing compressed asset: C:\Users\Muhammad Aqib\Desktop\ISP\C-Project-ISP_Management\Semester_Project\Semester_Project\obj\Debug\net9.0\compressed\v0zgfp0y55-87fc7y1x7t.gz
         Processing compressed asset: C:\Users\Muhammad Aqib\Desktop\ISP\C-Project-ISP_Management\Semester_Project\Semester_Project\obj\Debug\net9.0\compressed\nezrqnk58p-muycvpuwrr.gz
         Processing compressed asset: C:\Users\Muhammad Aqib\Desktop\ISP\C-Project-ISP_Management\Semester_Project\Semester_Project\obj\Debug\net9.0\compressed\a3ygkwa5zy-2z0ns9nrw6.gz
         Processing compressed asset: C:\Users\Muhammad Aqib\Desktop\ISP\C-Project-ISP_Management\Semester_Project\Semester_Project\obj\Debug\net9.0\compressed\b9lhb08218-ttgo8qnofa.gz
         Processing compressed asset: C:\Users\Muhammad Aqib\Desktop\ISP\C-Project-ISP_Management\Semester_Project\Semester_Project\obj\Debug\net9.0\compressed\t0qo7o574p-o1o13a6vjx.gz
         Processing compressed asset: C:\Users\Muhammad Aqib\Desktop\ISP\C-Project-ISP_Management\Semester_Project\Semester_Project\obj\Debug\net9.0\compressed\tpsq5dibur-0i3buxo5is.gz
         Processing compressed asset: C:\Users\Muhammad Aqib\Desktop\ISP\C-Project-ISP_Management\Semester_Project\Semester_Project\obj\Debug\net9.0\compressed\9muusbdg0a-x0q3zqp4vz.gz
         Processing compressed asset: C:\Users\Muhammad Aqib\Desktop\ISP\C-Project-ISP_Management\Semester_Project\Semester_Project\obj\Debug\net9.0\compressed\2tikzqlmtu-ag7o75518u.gz
         Processing compressed asset: C:\Users\Muhammad Aqib\Desktop\ISP\C-Project-ISP_Management\Semester_Project\Semester_Project\obj\Debug\net9.0\compressed\uocis9wxbx-lzl9nlhx6b.gz
         Processing compressed asset: C:\Users\Muhammad Aqib\Desktop\ISP\C-Project-ISP_Management\Semester_Project\Semester_Project\obj\Debug\net9.0\compressed\t6e3b82hrf-mrlpezrjn3.gz
         Processing compressed asset: C:\Users\Muhammad Aqib\Desktop\ISP\C-Project-ISP_Management\Semester_Project\Semester_Project\obj\Debug\net9.0\compressed\ypthv7q62w-83jwlth58m.gz
         Processing compressed asset: C:\Users\Muhammad Aqib\Desktop\ISP\C-Project-ISP_Management\Semester_Project\Semester_Project\obj\Debug\net9.0\compressed\ldxy2n3w6q-356vix0kms.gz
         Processing compressed asset: C:\Users\Muhammad Aqib\Desktop\ISP\C-Project-ISP_Management\Semester_Project\Semester_Project\obj\Debug\net9.0\compressed\q3naettu8c-4v8eqarkd7.gz
         Processing compressed asset: C:\Users\Muhammad Aqib\Desktop\ISP\C-Project-ISP_Management\Semester_Project\Semester_Project\obj\Debug\net9.0\compressed\j3hwsq15kh-47otxtyo56.gz
         Processing compressed asset: C:\Users\Muhammad Aqib\Desktop\ISP\C-Project-ISP_Management\Semester_Project\Semester_Project\obj\Debug\net9.0\compressed\pogzkicjpz-0j3bgjxly4.gz
         Processing compressed asset: C:\Users\Muhammad Aqib\Desktop\ISP\C-Project-ISP_Management\Semester_Project\Semester_Project\obj\Debug\net9.0\compressed\zap00c0tb5-63fj8s7r0e.gz
         Processing compressed asset: C:\Users\Muhammad Aqib\Desktop\ISP\C-Project-ISP_Management\Semester_Project\Semester_Project\obj\Debug\net9.0\compressed\igscs4x0yk-h1s4sie4z3.gz
         Processing compressed asset: C:\Users\Muhammad Aqib\Desktop\ISP\C-Project-ISP_Management\Semester_Project\Semester_Project\obj\Debug\net9.0\compressed\zzna4nrm5w-notf2xhcfb.gz
         Processing compressed asset: C:\Users\Muhammad Aqib\Desktop\ISP\C-Project-ISP_Management\Semester_Project\Semester_Project\obj\Debug\net9.0\compressed\ym8tkpcl2i-y7v9cxd14o.gz
         Processing compressed asset: C:\Users\Muhammad Aqib\Desktop\ISP\C-Project-ISP_Management\Semester_Project\Semester_Project\obj\Debug\net9.0\compressed\vw9sls9bhj-jj8uyg4cgr.gz
         Processing compressed asset: C:\Users\Muhammad Aqib\Desktop\ISP\C-Project-ISP_Management\Semester_Project\Semester_Project\obj\Debug\net9.0\compressed\s3tglgz8hr-kbrnm935zg.gz
         Processing compressed asset: C:\Users\Muhammad Aqib\Desktop\ISP\C-Project-ISP_Management\Semester_Project\Semester_Project\obj\Debug\net9.0\compressed\higufxz8op-vr1egmr9el.gz
         Processing compressed asset: C:\Users\Muhammad Aqib\Desktop\ISP\C-Project-ISP_Management\Semester_Project\Semester_Project\obj\Debug\net9.0\compressed\ivy2s9gwh5-iovd86k7lj.gz
         Processing compressed asset: C:\Users\Muhammad Aqib\Desktop\ISP\C-Project-ISP_Management\Semester_Project\Semester_Project\obj\Debug\net9.0\compressed\lr5hmrr0j7-493y06b0oq.gz
         Processing compressed asset: C:\Users\Muhammad Aqib\Desktop\ISP\C-Project-ISP_Management\Semester_Project\Semester_Project\obj\Debug\net9.0\compressed\xa379ftczi-6pdc2jztkx.gz
         Processing compressed asset: C:\Users\Muhammad Aqib\Desktop\ISP\C-Project-ISP_Management\Semester_Project\Semester_Project\obj\Debug\net9.0\compressed\0k1i85ntyh-6cfz1n2cew.gz
         Processing compressed asset: C:\Users\Muhammad Aqib\Desktop\ISP\C-Project-ISP_Management\Semester_Project\Semester_Project\obj\Debug\net9.0\compressed\qfr28sqcy1-ft3s53vfgj.gz
         Processing compressed asset: C:\Users\Muhammad Aqib\Desktop\ISP\C-Project-ISP_Management\Semester_Project\Semester_Project\obj\Debug\net9.0\compressed\z408qb6q7a-pk9g2wxc8p.gz
         Processing compressed asset: C:\Users\Muhammad Aqib\Desktop\ISP\C-Project-ISP_Management\Semester_Project\Semester_Project\obj\Debug\net9.0\compressed\rsc7qacj1u-hrwsygsryq.gz
         Processing compressed asset: C:\Users\Muhammad Aqib\Desktop\ISP\C-Project-ISP_Management\Semester_Project\Semester_Project\obj\Debug\net9.0\compressed\l186vlgaag-37tfw0ft22.gz
         Processing compressed asset: C:\Users\Muhammad Aqib\Desktop\ISP\C-Project-ISP_Management\Semester_Project\Semester_Project\obj\Debug\net9.0\compressed\bh4v3mdph9-v0zj4ognzu.gz
         Processing compressed asset: C:\Users\Muhammad Aqib\Desktop\ISP\C-Project-ISP_Management\Semester_Project\Semester_Project\obj\Debug\net9.0\compressed\4vzefxwp2m-46ein0sx1k.gz
         Processing compressed asset: C:\Users\Muhammad Aqib\Desktop\ISP\C-Project-ISP_Management\Semester_Project\Semester_Project\obj\Debug\net9.0\compressed\47012z8l2l-pj5nd1wqec.gz
         Processing compressed asset: C:\Users\Muhammad Aqib\Desktop\ISP\C-Project-ISP_Management\Semester_Project\Semester_Project\obj\Debug\net9.0\compressed\ns4583i71s-s35ty4nyc5.gz
         Processing compressed asset: C:\Users\Muhammad Aqib\Desktop\ISP\C-Project-ISP_Management\Semester_Project\Semester_Project\obj\Debug\net9.0\compressed\iznc766avz-nvvlpmu67g.gz
         Processing compressed asset: C:\Users\Muhammad Aqib\Desktop\ISP\C-Project-ISP_Management\Semester_Project\Semester_Project\obj\Debug\net9.0\compressed\o5k23vqhrk-06098lyss8.gz
         Processing compressed asset: C:\Users\Muhammad Aqib\Desktop\ISP\C-Project-ISP_Management\Semester_Project\Semester_Project\obj\Debug\net9.0\compressed\h9vwtoirpy-j5mq2jizvt.gz
         Processing compressed asset: C:\Users\Muhammad Aqib\Desktop\ISP\C-Project-ISP_Management\Semester_Project\Semester_Project\obj\Debug\net9.0\compressed\7o8oyvng68-tdbxkamptv.gz
         Processing compressed asset: C:\Users\Muhammad Aqib\Desktop\ISP\C-Project-ISP_Management\Semester_Project\Semester_Project\obj\Debug\net9.0\compressed\cynp17w084-c2oey78nd0.gz
         Processing compressed asset: C:\Users\Muhammad Aqib\Desktop\ISP\C-Project-ISP_Management\Semester_Project\Semester_Project\obj\Debug\net9.0\compressed\vsrbd71spn-lcd1t2u6c8.gz
         Processing compressed asset: C:\Users\Muhammad Aqib\Desktop\ISP\C-Project-ISP_Management\Semester_Project\Semester_Project\obj\Debug\net9.0\compressed\8xykfy6qmd-r4e9w2rdcm.gz
         Processing compressed asset: C:\Users\Muhammad Aqib\Desktop\ISP\C-Project-ISP_Management\Semester_Project\Semester_Project\obj\Debug\net9.0\compressed\1fc4q00scq-khv3u5hwcm.gz
         Processing compressed asset: C:\Users\Muhammad Aqib\Desktop\ISP\C-Project-ISP_Management\Semester_Project\Semester_Project\obj\Debug\net9.0\compressed\nlrl0f3xs3-jd9uben2k1.gz
         Processing compressed asset: C:\Users\Muhammad Aqib\Desktop\ISP\C-Project-ISP_Management\Semester_Project\Semester_Project\obj\Debug\net9.0\compressed\tg53r17ghy-dxx9fxp4il.gz
         Processing compressed asset: C:\Users\Muhammad Aqib\Desktop\ISP\C-Project-ISP_Management\Semester_Project\Semester_Project\obj\Debug\net9.0\compressed\u8428c4e9i-ee0r1s7dh0.gz
         Processing compressed asset: C:\Users\Muhammad Aqib\Desktop\ISP\C-Project-ISP_Management\Semester_Project\Semester_Project\obj\Debug\net9.0\compressed\d5z9sfpxbi-rzd6atqjts.gz
         Processing compressed asset: C:\Users\Muhammad Aqib\Desktop\ISP\C-Project-ISP_Management\Semester_Project\Semester_Project\obj\Debug\net9.0\compressed\8axix7wldr-fsbi9cje9m.gz
         Processing compressed asset: C:\Users\Muhammad Aqib\Desktop\ISP\C-Project-ISP_Management\Semester_Project\Semester_Project\obj\Debug\net9.0\compressed\k8b25g0zwc-b7pk76d08c.gz
         Processing compressed asset: C:\Users\Muhammad Aqib\Desktop\ISP\C-Project-ISP_Management\Semester_Project\Semester_Project\obj\Debug\net9.0\compressed\oxk5o6czdw-fvhpjtyr6v.gz
         Processing compressed asset: C:\Users\Muhammad Aqib\Desktop\ISP\C-Project-ISP_Management\Semester_Project\Semester_Project\obj\Debug\net9.0\compressed\3tzsqhslk9-ub07r2b239.gz
         Processing compressed asset: C:\Users\Muhammad Aqib\Desktop\ISP\C-Project-ISP_Management\Semester_Project\Semester_Project\obj\Debug\net9.0\compressed\sf8kf2lula-cosvhxvwiu.gz
         Processing compressed asset: C:\Users\Muhammad Aqib\Desktop\ISP\C-Project-ISP_Management\Semester_Project\Semester_Project\obj\Debug\net9.0\compressed\edcrak57d7-k8d9w2qqmf.gz
         Processing compressed asset: C:\Users\Muhammad Aqib\Desktop\ISP\C-Project-ISP_Management\Semester_Project\Semester_Project\obj\Debug\net9.0\compressed\bww8ud00yd-ausgxo2sd3.gz
         Processing compressed asset: C:\Users\Muhammad Aqib\Desktop\ISP\C-Project-ISP_Management\Semester_Project\Semester_Project\obj\Debug\net9.0\compressed\hh8ihyobdx-d7shbmvgxk.gz
         Processing compressed asset: C:\Users\Muhammad Aqib\Desktop\ISP\C-Project-ISP_Management\Semester_Project\Semester_Project\obj\Debug\net9.0\compressed\9glsckmvxo-aexeepp0ev.gz
         Processing compressed asset: C:\Users\Muhammad Aqib\Desktop\ISP\C-Project-ISP_Management\Semester_Project\Semester_Project\obj\Debug\net9.0\compressed\eb27mqwgz2-erw9l3u2r3.gz
         Processing compressed asset: C:\Users\Muhammad Aqib\Desktop\ISP\C-Project-ISP_Management\Semester_Project\Semester_Project\obj\Debug\net9.0\compressed\rh65p086id-c2jlpeoesf.gz
         Processing compressed asset: C:\Users\Muhammad Aqib\Desktop\ISP\C-Project-ISP_Management\Semester_Project\Semester_Project\obj\Debug\net9.0\compressed\j9swiz3yzq-90yqlj465b.gz
         Processing compressed asset: C:\Users\Muhammad Aqib\Desktop\ISP\C-Project-ISP_Management\Semester_Project\Semester_Project\obj\Debug\net9.0\compressed\ofa40bqe71-b9sayid5wm.gz
         Processing compressed asset: C:\Users\Muhammad Aqib\Desktop\ISP\C-Project-ISP_Management\Semester_Project\Semester_Project\obj\Debug\net9.0\compressed\z9qc8g4sa4-61n19gt1b8.gz
         Processing compressed asset: C:\Users\Muhammad Aqib\Desktop\ISP\C-Project-ISP_Management\Semester_Project\Semester_Project\obj\Debug\net9.0\compressed\1l91n0m2so-jsjz957n4p.gz
       _BuildCopyStaticWebAssetsPreserveNewest:
       Skipping target "_BuildCopyStaticWebAssetsPreserveNewest" because it has no outputs.
       _CopyOutOfDateSourceItemsToOutputDirectory:
       Building target "_CopyOutOfDateSourceItemsToOutputDirectory" partially, because some output files are out of date with respect to their input files.
         Copying file from "C:\Users\Muhammad Aqib\Desktop\ISP\C-Project-ISP_Management\Semester_Project\Semester_Project\obj\Debug\net9.0\apphost.exe" to "C:\Users\Muhammad Aqib\Desktop\ISP\C-Project-ISP_Management\Semester_Project\Semester_Project\bin\Debug\net9.0\Semester_Project.exe".
     1>C:\Program Files\dotnet\sdk\9.0.308\Microsoft.Common.CurrentVersion.targets(5394,5): warning MSB3026: Could not copy "C:\Users\Muhammad Aqib\Desktop\ISP\C-Project-ISP_Management\Semester_Project\Semester_Project\obj\Debug\net9.0\apphost.exe" to "bin\Debug\net9.0\Semester_Project.exe". Beginning retry 1 in 1000ms. The process cannot access the file 'C:\Users\Muhammad Aqib\Desktop\ISP\C-Project-ISP_Management\Semester_Project\Semester_Project\bin\Debug\net9.0\Semester_Project.exe' because it is being used by another process. The file is locked by: "Semester_Project (17100)" [C:\Users\Muhammad Aqib\Desktop\ISP\C-Project-ISP_Management\Semester_Project\Semester_Project\Semester_Project.csproj]
         Copying file from "C:\Users\Muhammad Aqib\Desktop\ISP\C-Project-ISP_Management\Semester_Project\Semester_Project\obj\Debug\net9.0\apphost.exe" to "C:\Users\Muhammad Aqib\Desktop\ISP\C-Project-ISP_Management\Semester_Project\Semester_Project\bin\Debug\net9.0\Semester_Project.exe".
     1>C:\Program Files\dotnet\sdk\9.0.308\Microsoft.Common.CurrentVersion.targets(5394,5): warning MSB3026: Could not copy "C:\Users\Muhammad Aqib\Desktop\ISP\C-Project-ISP_Management\Semester_Project\Semester_Project\obj\Debug\net9.0\apphost.exe" to "bin\Debug\net9.0\Semester_Project.exe". Beginning retry 2 in 1000ms. The process cannot access the file 'C:\Users\Muhammad Aqib\Desktop\ISP\C-Project-ISP_Management\Semester_Project\Semester_Project\bin\Debug\net9.0\Semester_Project.exe' because it is being used by another process. The file is locked by: "Semester_Project (17100)" [C:\Users\Muhammad Aqib\Desktop\ISP\C-Project-ISP_Management\Semester_Project\Semester_Project\Semester_Project.csproj]
         Copying file from "C:\Users\Muhammad Aqib\Desktop\ISP\C-Project-ISP_Management\Semester_Project\Semester_Project\obj\Debug\net9.0\apphost.exe" to "C:\Users\Muhammad Aqib\Desktop\ISP\C-Project-ISP_Management\Semester_Project\Semester_Project\bin\Debug\net9.0\Semester_Project.exe".
     1>C:\Program Files\dotnet\sdk\9.0.308\Microsoft.Common.CurrentVersion.targets(5394,5): warning MSB3026: Could not copy "C:\Users\Muhammad Aqib\Desktop\ISP\C-Project-ISP_Management\Semester_Project\Semester_Project\obj\Debug\net9.0\apphost.exe" to "bin\Debug\net9.0\Semester_Project.exe". Beginning retry 3 in 1000ms. The process cannot access the file 'C:\Users\Muhammad Aqib\Desktop\ISP\C-Project-ISP_Management\Semester_Project\Semester_Project\bin\Debug\net9.0\Semester_Project.exe' because it is being used by another process. The file is locked by: "Semester_Project (17100)" [C:\Users\Muhammad Aqib\Desktop\ISP\C-Project-ISP_Management\Semester_Project\Semester_Project\Semester_Project.csproj]
         Copying file from "C:\Users\Muhammad Aqib\Desktop\ISP\C-Project-ISP_Management\Semester_Project\Semester_Project\obj\Debug\net9.0\apphost.exe" to "C:\Users\Muhammad Aqib\Desktop\ISP\C-Project-ISP_Management\Semester_Project\Semester_Project\bin\Debug\net9.0\Semester_Project.exe".
     1>C:\Program Files\dotnet\sdk\9.0.308\Microsoft.Common.CurrentVersion.targets(5394,5): warning MSB3026: Could not copy "C:\Users\Muhammad Aqib\Desktop\ISP\C-Project-ISP_Management\Semester_Project\Semester_Project\obj\Debug\net9.0\apphost.exe" to "bin\Debug\net9.0\Semester_Project.exe". Beginning retry 4 in 1000ms. The process cannot access the file 'C:\Users\Muhammad Aqib\Desktop\ISP\C-Project-ISP_Management\Semester_Project\Semester_Project\bin\Debug\net9.0\Semester_Project.exe' because it is being used by another process. The file is locked by: "Semester_Project (17100)" [C:\Users\Muhammad Aqib\Desktop\ISP\C-Project-ISP_Management\Semester_Project\Semester_Project\Semester_Project.csproj]
         Copying file from "C:\Users\Muhammad Aqib\Desktop\ISP\C-Project-ISP_Management\Semester_Project\Semester_Project\obj\Debug\net9.0\apphost.exe" to "C:\Users\Muhammad Aqib\Desktop\ISP\C-Project-ISP_Management\Semester_Project\Semester_Project\bin\Debug\net9.0\Semester_Project.exe".
     1>C:\Program Files\dotnet\sdk\9.0.308\Microsoft.Common.CurrentVersion.targets(5394,5): warning MSB3026: Could not copy "C:\Users\Muhammad Aqib\Desktop\ISP\C-Project-ISP_Management\Semester_Project\Semester_Project\obj\Debug\net9.0\apphost.exe" to "bin\Debug\net9.0\Semester_Project.exe". Beginning retry 5 in 1000ms. The process cannot access the file 'C:\Users\Muhammad Aqib\Desktop\ISP\C-Project-ISP_Management\Semester_Project\Semester_Project\bin\Debug\net9.0\Semester_Project.exe' because it is being used by another process. The file is locked by: "Semester_Project (17100)" [C:\Users\Muhammad Aqib\Desktop\ISP\C-Project-ISP_Management\Semester_Project\Semester_Project\Semester_Project.csproj]
         Copying file from "C:\Users\Muhammad Aqib\Desktop\ISP\C-Project-ISP_Management\Semester_Project\Semester_Project\obj\Debug\net9.0\apphost.exe" to "C:\Users\Muhammad Aqib\Desktop\ISP\C-Project-ISP_Management\Semester_Project\Semester_Project\bin\Debug\net9.0\Semester_Project.exe".
     1>C:\Program Files\dotnet\sdk\9.0.308\Microsoft.Common.CurrentVersion.targets(5394,5): warning MSB3026: Could not copy "C:\Users\Muhammad Aqib\Desktop\ISP\C-Project-ISP_Management\Semester_Project\Semester_Project\obj\Debug\net9.0\apphost.exe" to "bin\Debug\net9.0\Semester_Project.exe". Beginning retry 6 in 1000ms. The process cannot access the file 'C:\Users\Muhammad Aqib\Desktop\ISP\C-Project-ISP_Management\Semester_Project\Semester_Project\bin\Debug\net9.0\Semester_Project.exe' because it is being used by another process. The file is locked by: "Semester_Project (17100)" [C:\Users\Muhammad Aqib\Desktop\ISP\C-Project-ISP_Management\Semester_Project\Semester_Project\Semester_Project.csproj]
         Copying file from "C:\Users\Muhammad Aqib\Desktop\ISP\C-Project-ISP_Management\Semester_Project\Semester_Project\obj\Debug\net9.0\apphost.exe" to "C:\Users\Muhammad Aqib\Desktop\ISP\C-Project-ISP_Management\Semester_Project\Semester_Project\bin\Debug\net9.0\Semester_Project.exe".
     1>C:\Program Files\dotnet\sdk\9.0.308\Microsoft.Common.CurrentVersion.targets(5394,5): warning MSB3026: Could not copy "C:\Users\Muhammad Aqib\Desktop\ISP\C-Project-ISP_Management\Semester_Project\Semester_Project\obj\Debug\net9.0\apphost.exe" to "bin\Debug\net9.0\Semester_Project.exe". Beginning retry 7 in 1000ms. The process cannot access the file 'C:\Users\Muhammad Aqib\Desktop\ISP\C-Project-ISP_Management\Semester_Project\Semester_Project\bin\Debug\net9.0\Semester_Project.exe' because it is being used by another process. The file is locked by: "Semester_Project (17100)" [C:\Users\Muhammad Aqib\Desktop\ISP\C-Project-ISP_Management\Semester_Project\Semester_Project\Semester_Project.csproj]
         Copying file from "C:\Users\Muhammad Aqib\Desktop\ISP\C-Project-ISP_Management\Semester_Project\Semester_Project\obj\Debug\net9.0\apphost.exe" to "C:\Users\Muhammad Aqib\Desktop\ISP\C-Project-ISP_Management\Semester_Project\Semester_Project\bin\Debug\net9.0\Semester_Project.exe".
     1>C:\Program Files\dotnet\sdk\9.0.308\Microsoft.Common.CurrentVersion.targets(5394,5): warning MSB3026: Could not copy "C:\Users\Muhammad Aqib\Desktop\ISP\C-Project-ISP_Management\Semester_Project\Semester_Project\obj\Debug\net9.0\apphost.exe" to "bin\Debug\net9.0\Semester_Project.exe". Beginning retry 8 in 1000ms. The process cannot access the file 'C:\Users\Muhammad Aqib\Desktop\ISP\C-Project-ISP_Management\Semester_Project\Semester_Project\bin\Debug\net9.0\Semester_Project.exe' because it is being used by another process. The file is locked by: "Semester_Project (17100)" [C:\Users\Muhammad Aqib\Desktop\ISP\C-Project-ISP_Management\Semester_Project\Semester_Project\Semester_Project.csproj]
         Copying file from "C:\Users\Muhammad Aqib\Desktop\ISP\C-Project-ISP_Management\Semester_Project\Semester_Project\obj\Debug\net9.0\apphost.exe" to "C:\Users\Muhammad Aqib\Desktop\ISP\C-Project-ISP_Management\Semester_Project\Semester_Project\bin\Debug\net9.0\Semester_Project.exe".
     1>C:\Program Files\dotnet\sdk\9.0.308\Microsoft.Common.CurrentVersion.targets(5394,5): warning MSB3026: Could not copy "C:\Users\Muhammad Aqib\Desktop\ISP\C-Project-ISP_Management\Semester_Project\Semester_Project\obj\Debug\net9.0\apphost.exe" to "bin\Debug\net9.0\Semester_Project.exe". Beginning retry 9 in 1000ms. The process cannot access the file 'C:\Users\Muhammad Aqib\Desktop\ISP\C-Project-ISP_Management\Semester_Project\Semester_Project\bin\Debug\net9.0\Semester_Project.exe' because it is being used by another process. The file is locked by: "Semester_Project (17100)" [C:\Users\Muhammad Aqib\Desktop\ISP\C-Project-ISP_Management\Semester_Project\Semester_Project\Semester_Project.csproj]
         Copying file from "C:\Users\Muhammad Aqib\Desktop\ISP\C-Project-ISP_Management\Semester_Project\Semester_Project\obj\Debug\net9.0\apphost.exe" to "C:\Users\Muhammad Aqib\Desktop\ISP\C-Project-ISP_Management\Semester_Project\Semester_Project\bin\Debug\net9.0\Semester_Project.exe".
     1>C:\Program Files\dotnet\sdk\9.0.308\Microsoft.Common.CurrentVersion.targets(5394,5): warning MSB3026: Could not copy "C:\Users\Muhammad Aqib\Desktop\ISP\C-Project-ISP_Management\Semester_Project\Semester_Project\obj\Debug\net9.0\apphost.exe" to "bin\Debug\net9.0\Semester_Project.exe". Beginning retry 10 in 1000ms. The process cannot access the file 'C:\Users\Muhammad Aqib\Desktop\ISP\C-Project-ISP_Management\Semester_Project\Semester_Project\bin\Debug\net9.0\Semester_Project.exe' because it is being used by another process. The file is locked by: "Semester_Project (17100)" [C:\Users\Muhammad Aqib\Desktop\ISP\C-Project-ISP_Management\Semester_Project\Semester_Project\Semester_Project.csproj]
         Copying file from "C:\Users\Muhammad Aqib\Desktop\ISP\C-Project-ISP_Management\Semester_Project\Semester_Project\obj\Debug\net9.0\apphost.exe" to "C:\Users\Muhammad Aqib\Desktop\ISP\C-Project-ISP_Management\Semester_Project\Semester_Project\bin\Debug\net9.0\Semester_Project.exe".
     1>C:\Program Files\dotnet\sdk\9.0.308\Microsoft.Common.CurrentVersion.targets(5394,5): error MSB3027: Could not copy "C:\Users\Muhammad Aqib\Desktop\ISP\C-Project-ISP_Management\Semester_Project\Semester_Project\obj\Debug\net9.0\apphost.exe" to "bin\Debug\net9.0\Semester_Project.exe". Exceeded retry count of 10. Failed. The file is locked by: "Semester_Project (17100)" [C:\Users\Muhammad Aqib\Desktop\ISP\C-Project-ISP_Management\Semester_Project\Semester_Project\Semester_Project.csproj]
     1>C:\Program Files\dotnet\sdk\9.0.308\Microsoft.Common.CurrentVersion.targets(5394,5): error MSB3021: Unable to copy file "C:\Users\Muhammad Aqib\Desktop\ISP\C-Project-ISP_Management\Semester_Project\Semester_Project\obj\Debug\net9.0\apphost.exe" to "bin\Debug\net9.0\Semester_Project.exe". The process cannot access the file 'C:\Users\Muhammad Aqib\Desktop\ISP\C-Project-ISP_Management\Semester_Project\Semester_Project\bin\Debug\net9.0\Semester_Project.exe' because it is being used by another process. [C:\Users\Muhammad Aqib\Desktop\ISP\C-Project-ISP_Management\Semester_Project\Semester_Project\Semester_Project.csproj]
     1>Done Building Project "C:\Users\Muhammad Aqib\Desktop\ISP\C-Project-ISP_Management\Semester_Project\Semester_Project\Semester_Project.csproj" (default targets) -- FAILED.

Build FAILED.

       "C:\Users\Muhammad Aqib\Desktop\ISP\C-Project-ISP_Management\Semester_Project\Semester_Project\Semester_Project.csproj" (default target) (1:7) ->
       (_CopyOutOfDateSourceItemsToOutputDirectory target) -> 
         C:\Program Files\dotnet\sdk\9.0.308\Microsoft.Common.CurrentVersion.targets(5394,5): warning MSB3026: Could not copy "C:\Users\Muhammad Aqib\Desktop\ISP\C-Project-ISP_Management\Semester_Project\Semester_Project\obj\Debug\net9.0\apphost.exe" to "bin\Debug\net9.0\Semester_Project.exe". Beginning retry 1 in 1000ms. The process cannot access the file 'C:\Users\Muhammad Aqib\Desktop\ISP\C-Project-ISP_Management\Semester_Project\Semester_Project\bin\Debug\net9.0\Semester_Project.exe' because it is being used by another process. The file is locked by: "Semester_Project (17100)" [C:\Users\Muhammad Aqib\Desktop\ISP\C-Project-ISP_Management\Semester_Project\Semester_Project\Semester_Project.csproj]
         C:\Program Files\dotnet\sdk\9.0.308\Microsoft.Common.CurrentVersion.targets(5394,5): warning MSB3026: Could not copy "C:\Users\Muhammad Aqib\Desktop\ISP\C-Project-ISP_Management\Semester_Project\Semester_Project\obj\Debug\net9.0\apphost.exe" to "bin\Debug\net9.0\Semester_Project.exe". Beginning retry 2 in 1000ms. The process cannot access the file 'C:\Users\Muhammad Aqib\Desktop\ISP\C-Project-ISP_Management\Semester_Project\Semester_Project\bin\Debug\net9.0\Semester_Project.exe' because it is being used by another process. The file is locked by: "Semester_Project (17100)" [C:\Users\Muhammad Aqib\Desktop\ISP\C-Project-ISP_Management\Semester_Project\Semester_Project\Semester_Project.csproj]
         C:\Program Files\dotnet\sdk\9.0.308\Microsoft.Common.CurrentVersion.targets(5394,5): warning MSB3026: Could not copy "C:\Users\Muhammad Aqib\Desktop\ISP\C-Project-ISP_Management\Semester_Project\Semester_Project\obj\Debug\net9.0\apphost.exe" to "bin\Debug\net9.0\Semester_Project.exe". Beginning retry 3 in 1000ms. The process cannot access the file 'C:\Users\Muhammad Aqib\Desktop\ISP\C-Project-ISP_Management\Semester_Project\Semester_Project\bin\Debug\net9.0\Semester_Project.exe' because it is being used by another process. The file is locked by: "Semester_Project (17100)" [C:\Users\Muhammad Aqib\Desktop\ISP\C-Project-ISP_Management\Semester_Project\Semester_Project\Semester_Project.csproj]
         C:\Program Files\dotnet\sdk\9.0.308\Microsoft.Common.CurrentVersion.targets(5394,5): warning MSB3026: Could not copy "C:\Users\Muhammad Aqib\Desktop\ISP\C-Project-ISP_Management\Semester_Project\Semester_Project\obj\Debug\net9.0\apphost.exe" to "bin\Debug\net9.0\Semester_Project.exe". Beginning retry 4 in 1000ms. The process cannot access the file 'C:\Users\Muhammad Aqib\Desktop\ISP\C-Project-ISP_Management\Semester_Project\Semester_Project\bin\Debug\net9.0\Semester_Project.exe' because it is being used by another process. The file is locked by: "Semester_Project (17100)" [C:\Users\Muhammad Aqib\Desktop\ISP\C-Project-ISP_Management\Semester_Project\Semester_Project\Semester_Project.csproj]
         C:\Program Files\dotnet\sdk\9.0.308\Microsoft.Common.CurrentVersion.targets(5394,5): warning MSB3026: Could not copy "C:\Users\Muhammad Aqib\Desktop\ISP\C-Project-ISP_Management\Semester_Project\Semester_Project\obj\Debug\net9.0\apphost.exe" to "bin\Debug\net9.0\Semester_Project.exe". Beginning retry 5 in 1000ms. The process cannot access the file 'C:\Users\Muhammad Aqib\Desktop\ISP\C-Project-ISP_Management\Semester_Project\Semester_Project\bin\Debug\net9.0\Semester_Project.exe' because it is being used by another process. The file is locked by: "Semester_Project (17100)" [C:\Users\Muhammad Aqib\Desktop\ISP\C-Project-ISP_Management\Semester_Project\Semester_Project\Semester_Project.csproj]
         C:\Program Files\dotnet\sdk\9.0.308\Microsoft.Common.CurrentVersion.targets(5394,5): warning MSB3026: Could not copy "C:\Users\Muhammad Aqib\Desktop\ISP\C-Project-ISP_Management\Semester_Project\Semester_Project\obj\Debug\net9.0\apphost.exe" to "bin\Debug\net9.0\Semester_Project.exe". Beginning retry 6 in 1000ms. The process cannot access the file 'C:\Users\Muhammad Aqib\Desktop\ISP\C-Project-ISP_Management\Semester_Project\Semester_Project\bin\Debug\net9.0\Semester_Project.exe' because it is being used by another process. The file is locked by: "Semester_Project (17100)" [C:\Users\Muhammad Aqib\Desktop\ISP\C-Project-ISP_Management\Semester_Project\Semester_Project\Semester_Project.csproj]
         C:\Program Files\dotnet\sdk\9.0.308\Microsoft.Common.CurrentVersion.targets(5394,5): warning MSB3026: Could not copy "C:\Users\Muhammad Aqib\Desktop\ISP\C-Project-ISP_Management\Semester_Project\Semester_Project\obj\Debug\net9.0\apphost.exe" to "bin\Debug\net9.0\Semester_Project.exe". Beginning retry 7 in 1000ms. The process cannot access the file 'C:\Users\Muhammad Aqib\Desktop\ISP\C-Project-ISP_Management\Semester_Project\Semester_Project\bin\Debug\net9.0\Semester_Project.exe' because it is being used by another process. The file is locked by: "Semester_Project (17100)" [C:\Users\Muhammad Aqib\Desktop\ISP\C-Project-ISP_Management\Semester_Project\Semester_Project\Semester_Project.csproj]
         C:\Program Files\dotnet\sdk\9.0.308\Microsoft.Common.CurrentVersion.targets(5394,5): warning MSB3026: Could not copy "C:\Users\Muhammad Aqib\Desktop\ISP\C-Project-ISP_Management\Semester_Project\Semester_Project\obj\Debug\net9.0\apphost.exe" to "bin\Debug\net9.0\Semester_Project.exe". Beginning retry 8 in 1000ms. The process cannot access the file 'C:\Users\Muhammad Aqib\Desktop\ISP\C-Project-ISP_Management\Semester_Project\Semester_Project\bin\Debug\net9.0\Semester_Project.exe' because it is being used by another process. The file is locked by: "Semester_Project (17100)" [C:\Users\Muhammad Aqib\Desktop\ISP\C-Project-ISP_Management\Semester_Project\Semester_Project\Semester_Project.csproj]
         C:\Program Files\dotnet\sdk\9.0.308\Microsoft.Common.CurrentVersion.targets(5394,5): warning MSB3026: Could not copy "C:\Users\Muhammad Aqib\Desktop\ISP\C-Project-ISP_Management\Semester_Project\Semester_Project\obj\Debug\net9.0\apphost.exe" to "bin\Debug\net9.0\Semester_Project.exe". Beginning retry 9 in 1000ms. The process cannot access the file 'C:\Users\Muhammad Aqib\Desktop\ISP\C-Project-ISP_Management\Semester_Project\Semester_Project\bin\Debug\net9.0\Semester_Project.exe' because it is being used by another process. The file is locked by: "Semester_Project (17100)" [C:\Users\Muhammad Aqib\Desktop\ISP\C-Project-ISP_Management\Semester_Project\Semester_Project\Semester_Project.csproj]
         C:\Program Files\dotnet\sdk\9.0.308\Microsoft.Common.CurrentVersion.targets(5394,5): warning MSB3026: Could not copy "C:\Users\Muhammad Aqib\Desktop\ISP\C-Project-ISP_Management\Semester_Project\Semester_Project\obj\Debug\net9.0\apphost.exe" to "bin\Debug\net9.0\Semester_Project.exe". Beginning retry 10 in 1000ms. The process cannot access the file 'C:\Users\Muhammad Aqib\Desktop\ISP\C-Project-ISP_Management\Semester_Project\Semester_Project\bin\Debug\net9.0\Semester_Project.exe' because it is being used by another process. The file is locked by: "Semester_Project (17100)" [C:\Users\Muhammad Aqib\Desktop\ISP\C-Project-ISP_Management\Semester_Project\Semester_Project\Semester_Project.csproj]


       "C:\Users\Muhammad Aqib\Desktop\ISP\C-Project-ISP_Management\Semester_Project\Semester_Project\Semester_Project.csproj" (default target) (1:7) ->
       (_CopyOutOfDateSourceItemsToOutputDirectory target) -> 
         C:\Program Files\dotnet\sdk\9.0.308\Microsoft.Common.CurrentVersion.targets(5394,5): error MSB3027: Could not copy "C:\Users\Muhammad Aqib\Desktop\ISP\C-Project-ISP_Management\Semester_Project\Semester_Project\obj\Debug\net9.0\apphost.exe" to "bin\Debug\net9.0\Semester_Project.exe". Exceeded retry count of 10. Failed. The file is locked by: "Semester_Project (17100)" [C:\Users\Muhammad Aqib\Desktop\ISP\C-Project-ISP_Management\Semester_Project\Semester_Project\Semester_Project.csproj]
         C:\Program Files\dotnet\sdk\9.0.308\Microsoft.Common.CurrentVersion.targets(5394,5): error MSB3021: Unable to copy file "C:\Users\Muhammad Aqib\Desktop\ISP\C-Project-ISP_Management\Semester_Project\Semester_Project\obj\Debug\net9.0\apphost.exe" to "bin\Debug\net9.0\Semester_Project.exe". The process cannot access the file 'C:\Users\Muhammad Aqib\Desktop\ISP\C-Project-ISP_Management\Semester_Project\Semester_Project\bin\Debug\net9.0\Semester_Project.exe' because it is being used by another process. [C:\Users\Muhammad Aqib\Desktop\ISP\C-Project-ISP_Management\Semester_Project\Semester_Project\Semester_Project.csproj]

    10 Warning(s)
    2 Error(s)

Time Elapsed 00:00:15.90
